Archive member included to satisfy reference by file (symbol)

obj_cooja/mtype298.a(simEnvChange.o)
                              obj_cooja/mtype298.o (simDontFallAsleep)
obj_cooja/mtype298.a(cooja_mt.o)
                              obj_cooja/mtype298.o (cooja_mt_start)
obj_cooja/mtype298.a(cooja_mtarch.o)
                              obj_cooja/mtype298.a(cooja_mt.o) (cooja_mtarch_start)
obj_cooja/mtype298.a(rtimer-arch.o)
                              obj_cooja/mtype298.o (rtimer_arch_check)
obj_cooja/mtype298.a(beep.o)  obj_cooja/mtype298.o (beep_interface)
obj_cooja/mtype298.a(button-sensor.o)
                              obj_cooja/mtype298.o (button_interface)
obj_cooja/mtype298.a(leds-arch.o)
                              obj_cooja/mtype298.o (leds_interface)
obj_cooja/mtype298.a(moteid.o)
                              obj_cooja/mtype298.o (moteid_interface)
obj_cooja/mtype298.a(pir-sensor.o)
                              obj_cooja/mtype298.o (pir_interface)
obj_cooja/mtype298.a(rs232.o)
                              obj_cooja/mtype298.o (rs232_interface)
obj_cooja/mtype298.a(vib-sensor.o)
                              obj_cooja/mtype298.o (vib_interface)
obj_cooja/mtype298.a(clock.o)
                              obj_cooja/mtype298.o (clock_interface)
obj_cooja/mtype298.a(cooja-log.o)
                              obj_cooja/mtype298.o (simlog_interface)
obj_cooja/mtype298.a(cfs-cooja.o)
                              obj_cooja/mtype298.o (cfs_interface)
obj_cooja/mtype298.a(cooja-radio.o)
                              obj_cooja/mtype298.o (radio_interface)
obj_cooja/mtype298.a(eeprom.o)
                              obj_cooja/mtype298.o (eeprom_interface)
obj_cooja/mtype298.a(random.o)
                              obj_cooja/mtype298.a(moteid.o) (random_init)
obj_cooja/mtype298.a(sensors.o)
                              obj_cooja/mtype298.a(button-sensor.o) (sensors_changed)
obj_cooja/mtype298.a(leds.o)  mqtt-mote.o (leds_on)
obj_cooja/mtype298.a(mqtt.o)  mqtt-mote.o (mqtt_disconnect)
obj_cooja/mtype298.a(contiki-main.o)
                              obj_cooja/mtype298.o (main)
obj_cooja/mtype298.a(autostart.o)
                              obj_cooja/mtype298.a(contiki-main.o) (autostart_start)
obj_cooja/mtype298.a(ctimer.o)
                              obj_cooja/mtype298.a(contiki-main.o) (ctimer_init)
obj_cooja/mtype298.a(energest.o)
                              obj_cooja/mtype298.a(contiki-main.o) (energest_init)
obj_cooja/mtype298.a(etimer.o)
                              obj_cooja/mtype298.a(contiki-main.o) (etimer_process)
obj_cooja/mtype298.a(log.o)   obj_cooja/mtype298.a(contiki-main.o) (curr_log_level_main)
obj_cooja/mtype298.a(process.o)
                              obj_cooja/mtype298.a(mqtt.o) (process_current)
obj_cooja/mtype298.a(rtimer.o)
                              obj_cooja/mtype298.a(contiki-main.o) (rtimer_init)
obj_cooja/mtype298.a(node-id.o)
                              obj_cooja/mtype298.a(contiki-main.o) (node_id)
obj_cooja/mtype298.a(timer.o)
                              mqtt-mote.o (timer_set)
obj_cooja/mtype298.a(serial-line.o)
                              obj_cooja/mtype298.a(rs232.o) (serial_line_input_byte)
obj_cooja/mtype298.a(list.o)  obj_cooja/mtype298.a(mqtt.o) (list_init)
obj_cooja/mtype298.a(ringbuf.o)
                              obj_cooja/mtype298.a(serial-line.o) (ringbuf_init)
obj_cooja/mtype298.a(packetbuf.o)
                              obj_cooja/mtype298.a(cooja-radio.o) (packetbuf_clear)
obj_cooja/mtype298.a(netstack.o)
                              obj_cooja/mtype298.a(contiki-main.o) (netstack_init)
obj_cooja/mtype298.a(linkaddr.o)
                              mqtt-mote.o (linkaddr_node_addr)
obj_cooja/mtype298.a(csma.o)  obj_cooja/mtype298.a(cooja-radio.o) (csma_driver)
obj_cooja/mtype298.a(csma-output.o)
                              obj_cooja/mtype298.a(csma.o) (csma_output_packet)
obj_cooja/mtype298.a(uip-ds6.o)
                              obj_cooja/mtype298.a(contiki-main.o) (uip_ds6_get_link_local)
obj_cooja/mtype298.a(tcp-socket.o)
                              obj_cooja/mtype298.a(mqtt.o) (tcp_socket_register)
obj_cooja/mtype298.a(tcpip.o)
                              obj_cooja/mtype298.a(tcp-socket.o) (tcpip_event)
obj_cooja/mtype298.a(uip-ds6-route.o)
                              obj_cooja/mtype298.a(uip-ds6.o) (uip_ds6_route_init)
obj_cooja/mtype298.a(uip6.o)  obj_cooja/mtype298.a(contiki-main.o) (uip_lladdr)
obj_cooja/mtype298.a(uip-ds6-nbr.o)
                              obj_cooja/mtype298.a(uip-ds6.o) (uip_ds6_neighbors_init)
obj_cooja/mtype298.a(uip-nd6.o)
                              obj_cooja/mtype298.a(uip6.o) (uip_nd6_init)
obj_cooja/mtype298.a(sicslowpan.o)
                              obj_cooja/mtype298.a(contiki-main.o) (sicslowpan_driver)
obj_cooja/mtype298.a(uiplib.o)
                              obj_cooja/mtype298.a(mqtt.o) (uiplib_ip6addrconv)
[...]
Memory Configuration

Name             Origin             Length             Attributes
*default*        0x0000000000000000 0xffffffffffffffff

Linker script and memory map

LOAD /usr/lib/gcc/i686-linux-gnu/5/../../../i386-linux-gnu/crti.o
LOAD /usr/lib/gcc/i686-linux-gnu/5/crtbeginS.o
LOAD mqtt-mote.o
LOAD obj_cooja/mtype298.o
LOAD obj_cooja/mtype298.a
LOAD /usr/lib/gcc/i686-linux-gnu/5/libgcc.a
LOAD /usr/lib/gcc/i686-linux-gnu/5/libgcc_s.so
LOAD /usr/lib/gcc/i686-linux-gnu/5/../../../i386-linux-gnu/libc.so
START GROUP
LOAD /lib/i386-linux-gnu/libc.so.6
LOAD /usr/lib/i386-linux-gnu/libc_nonshared.a
LOAD /lib/i386-linux-gnu/ld-linux.so.2
END GROUP
LOAD /usr/lib/gcc/i686-linux-gnu/5/libgcc.a
LOAD /usr/lib/gcc/i686-linux-gnu/5/libgcc_s.so
LOAD /usr/lib/gcc/i686-linux-gnu/5/crtendS.o
LOAD /usr/lib/gcc/i686-linux-gnu/5/../../../i386-linux-gnu/crtn.o
                0x0000000000000114                . = (0x0 + SIZEOF_HEADERS)

.note.gnu.build-id
                0x0000000000000114       0x24
 *(.note.gnu.build-id)
 .note.gnu.build-id
                0x0000000000000114       0x24 /usr/lib/gcc/i686-linux-gnu/5/../../../i386-linux-gnu/crti.o

.hash
 *(.hash)

.gnu.hash       0x0000000000000138     0x13d8
 *(.gnu.hash)
 .gnu.hash      0x0000000000000138     0x13d8 /usr/lib/gcc/i686-linux-gnu/5/../../../i386-linux-gnu/crti.o

.dynsym         0x0000000000001510     0x27d0
 *(.dynsym)
 .dynsym        0x0000000000001510     0x27d0 /usr/lib/gcc/i686-linux-gnu/5/../../../i386-linux-gnu/crti.o

.dynstr         0x0000000000003ce0     0x2b15
 *(.dynstr)
 .dynstr        0x0000000000003ce0     0x2b15 /usr/lib/gcc/i686-linux-gnu/5/../../../i386-linux-gnu/crti.o

.gnu.version    0x00000000000067f6      0x4fa
 *(.gnu.version)
 .gnu.version   0x00000000000067f6      0x4fa /usr/lib/gcc/i686-linux-gnu/5/../../../i386-linux-gnu/crti.o

.gnu.version_d  0x0000000000006cf0        0x0
 *(.gnu.version_d)
 .gnu.version_d
                0x0000000000006cf0        0x0 /usr/lib/gcc/i686-linux-gnu/5/../../../i386-linux-gnu/crti.o

.gnu.version_r  0x0000000000006cf0       0x40
 *(.gnu.version_r)
 .gnu.version_r
                0x0000000000006cf0       0x40 /usr/lib/gcc/i686-linux-gnu/5/../../../i386-linux-gnu/crti.o

.rel.dyn        0x0000000000006d30     0xa2c8
 *(.rel.init)
 .rel.init      0x0000000000006d30        0x0 /usr/lib/gcc/i686-linux-gnu/5/../../../i386-linux-gnu/crti.o
 *(.rel.text .rel.text.* .rel.gnu.linkonce.t.*)
 .rel.text      0x0000000000006d30     0x99c0 /usr/lib/gcc/i686-linux-gnu/5/../../../i386-linux-gnu/crti.o
 *(.rel.fini)
 .rel.fini      0x00000000000106f0        0x0 /usr/lib/gcc/i686-linux-gnu/5/../../../i386-linux-gnu/crti.o
 *(.rel.rodata .rel.rodata.* .rel.gnu.linkonce.r.*)
 .rel.rodata    0x00000000000106f0      0x578 /usr/lib/gcc/i686-linux-gnu/5/../../../i386-linux-gnu/crti.o
 *(.rel.data.rel.ro .rel.data.rel.ro.* .rel.gnu.linkonce.d.rel.ro.*)
 *(.rel.data .rel.data.* .rel.gnu.linkonce.d.*)
 .rel.data.rel.local
                0x0000000000010c68        0x8 /usr/lib/gcc/i686-linux-gnu/5/../../../i386-linux-gnu/crti.o
 .rel.data      0x0000000000010c70      0x350 /usr/lib/gcc/i686-linux-gnu/5/../../../i386-linux-gnu/crti.o
 *(.rel.tdata .rel.tdata.* .rel.gnu.linkonce.td.*)
 *(.rel.tbss .rel.tbss.* .rel.gnu.linkonce.tb.*)
 *(.rel.ctors)
 *(.rel.dtors)
 *(.rel.got)
 .rel.got       0x0000000000010fc0       0x28 /usr/lib/gcc/i686-linux-gnu/5/../../../i386-linux-gnu/crti.o
 *(.rel.bss .rel.bss.* .rel.gnu.linkonce.b.*)
 *(.rel.ifunc)
 .rel.ifunc     0x0000000000010fe8        0x0 /usr/lib/gcc/i686-linux-gnu/5/../../../i386-linux-gnu/crti.o
 .rel.fini_array
                0x0000000000010fe8        0x8 /usr/lib/gcc/i686-linux-gnu/5/../../../i386-linux-gnu/crti.o
 .rel.init_array
                0x0000000000010ff0        0x8 /usr/lib/gcc/i686-linux-gnu/5/../../../i386-linux-gnu/crti.o

.rel.plt        0x0000000000010ff8        0x0
 *(.rel.plt)
 .rel.plt       0x0000000000010ff8        0x0 /usr/lib/gcc/i686-linux-gnu/5/../../../i386-linux-gnu/crti.o
 *(.rel.iplt)

.init           0x0000000000010ff8       0x23
 *(SORT(.init))
 .init          0x0000000000010ff8       0x1e /usr/lib/gcc/i686-linux-gnu/5/../../../i386-linux-gnu/crti.o
                0x0000000000010ff8                _init
 .init          0x0000000000011016        0x5 /usr/lib/gcc/i686-linux-gnu/5/../../../i386-linux-gnu/crtn.o

.plt            0x0000000000011020       0x10
 *(.plt)
 .plt           0x0000000000011020       0x10 /usr/lib/gcc/i686-linux-gnu/5/../../../i386-linux-gnu/crti.o
 *(.iplt)

.plt.got        0x0000000000011030       0x10
 *(.plt.got)
 .plt.got       0x0000000000011030       0x10 /usr/lib/gcc/i686-linux-gnu/5/../../../i386-linux-gnu/crti.o

.text           0x0000000000011040    0x19935
 *(.text.unlikely .text.*_unlikely .text.unlikely.*)
 .text.unlikely
                0x0000000000011040        0x0 /usr/lib/gcc/i686-linux-gnu/5/crtbeginS.o
 *(.text.exit .text.exit.*)
 *(.text.startup .text.startup.*)
 *(.text.hot .text.hot.*)
 *(.text .stub .text.* .gnu.linkonce.t.*)
 .text          0x0000000000011040        0x0 /usr/lib/gcc/i686-linux-gnu/5/../../../i386-linux-gnu/crti.o
 .gnu.linkonce.t.__x86.get_pc_thunk.bx
                0x0000000000011040        0x4 /usr/lib/gcc/i686-linux-gnu/5/../../../i386-linux-gnu/crti.o
                0x0000000000011040                __x86.get_pc_thunk.bx
 *fill*         0x0000000000011044        0xc 
 .text          0x0000000000011050      0x11c /usr/lib/gcc/i686-linux-gnu/5/crtbeginS.o
 .text.__x86.get_pc_thunk.dx
                0x000000000001116c        0x4 /usr/lib/gcc/i686-linux-gnu/5/crtbeginS.o
                0x000000000001116c                __x86.get_pc_thunk.dx
 .text          0x0000000000011170     0x112e mqtt-mote.o
                0x0000000000011170                isFull
                0x0000000000011184                enqueue
                0x00000000000111db                dequeue
                0x0000000000011221                calculateQueueAverage
                0x0000000000011297                ipaddr_sprintf
 .text          0x000000000001229e      0x271 obj_cooja/mtype298.o
                0x0000000000012330                platform_init_stage_one
                0x0000000000012336                platform_init_stage_two
                0x0000000000012344                platform_init_stage_three
                0x0000000000012357                platform_main_loop
                0x00000000000123ca                Java_org_contikios_cooja_corecomm_Lib4_init
                0x0000000000012401                Java_org_contikios_cooja_corecomm_Lib4_getMemory
                0x0000000000012434                Java_org_contikios_cooja_corecomm_Lib4_setMemory
                0x0000000000012494                Java_org_contikios_cooja_corecomm_Lib4_tick
                0x00000000000124fc                Java_org_contikios_cooja_corecomm_Lib4_setReferenceAddress
 .text          0x000000000001250f       0x65 obj_cooja/mtype298.a(simEnvChange.o)
                0x000000000001250f                doActionsBeforeTick
                0x0000000000012541                doActionsAfterTick
 .text          0x0000000000012574       0x83 obj_cooja/mtype298.a(cooja_mt.o)
                0x0000000000012574                cooja_mt_start
                0x000000000001259e                cooja_mt_exec
                0x00000000000125d4                cooja_mt_yield
 .text          0x00000000000125f7       0xbe obj_cooja/mtype298.a(cooja_mtarch.o)
                0x00000000000125f7                cooja_mtarch_start
                0x000000000001266a                cooja_sw
                0x000000000001268d                cooja_mtarch_exec
                0x00000000000126aa                cooja_mtarch_yield
 .text          0x00000000000126b5       0xc5 obj_cooja/mtype298.a(rtimer-arch.o)
                0x00000000000126b5                rtimer_arch_init
                0x00000000000126d9                rtimer_arch_schedule
                0x0000000000012709                rtimer_arch_next
                0x0000000000012719                rtimer_arch_pending
                0x0000000000012723                rtimer_arch_check
                0x000000000001276a                rtimer_arch_now
 .text          0x000000000001277a       0x81 obj_cooja/mtype298.a(beep.o)
                0x000000000001277a                beep_alarm
                0x0000000000012787                beep_beep
                0x0000000000012794                beep
                0x00000000000127a1                beep_down
                0x00000000000127ae                beep_on
                0x00000000000127bb                beep_off
                0x00000000000127c8                beep_spinup
                0x00000000000127d5                beep_quick
                0x00000000000127e2                beep_long
 .text          0x00000000000127fb      0x10d obj_cooja/mtype298.a(button-sensor.o)
 .text          0x0000000000012908       0x49 obj_cooja/mtype298.a(leds-arch.o)
                0x0000000000012908                leds_arch_init
                0x0000000000012915                leds_arch_get
                0x0000000000012921                leds_arch_set
 .text          0x0000000000012951       0x35 obj_cooja/mtype298.a(moteid.o)
 .text          0x0000000000012986       0xb7 obj_cooja/mtype298.a(pir-sensor.o)
 .text          0x0000000000012a3d      0x148 obj_cooja/mtype298.a(rs232.o)
                0x0000000000012a3d                rs232_init
                0x0000000000012a43                rs232_set_speed
                0x0000000000012a52                rs232_set_input
                0x0000000000012a60                rs232_send
                0x0000000000012a84                rs232_print
                0x0000000000012aa0                slip_arch_writeb
 .text          0x0000000000012b85       0xb7 obj_cooja/mtype298.a(vib-sensor.o)
 .text          0x0000000000012c3c       0x38 obj_cooja/mtype298.a(clock.o)
                0x0000000000012c3c                clock_init
                0x0000000000012c42                clock_time
                0x0000000000012c4c                clock_seconds
                0x0000000000012c62                clock_delay
 .text          0x0000000000012c74      0x219 obj_cooja/mtype298.a(cooja-log.o)
                0x0000000000012c74                simlog_char
                0x0000000000012cb7                simlog
                0x0000000000012d2d                log_message
                0x0000000000012d5e                log_set_putchar_with_slip
                0x0000000000012d6c                log_putchar
                0x0000000000012de7                log_puts
                0x0000000000012e0f                log_printf
 .text          0x0000000000012e8d      0x2b9 obj_cooja/mtype298.a(cfs-cooja.o)
                0x0000000000012e8d                cfs_open
                0x0000000000012ef6                cfs_close
                0x0000000000012f03                cfs_read
                0x0000000000012f98                cfs_write
                0x0000000000013074                cfs_seek
                0x00000000000130fc                cfs_remove
                0x0000000000013120                cfs_opendir
                0x000000000001312a                cfs_readdir
                0x0000000000013134                cfs_closedir
 .text          0x0000000000013146      0x605 obj_cooja/mtype298.a(cooja-radio.o)
                0x0000000000013188                radio_set_channel
                0x0000000000013196                radio_set_txpower
                0x00000000000131ae                radio_signal_strength_last
                0x00000000000131b8                radio_signal_strength_current
                0x00000000000131c2                radio_LQI
 .text          0x000000000001374b       0xee obj_cooja/mtype298.a(eeprom.o)
                0x000000000001374b                eeprom_init
                0x0000000000013751                eeprom_read
                0x00000000000137bf                eeprom_write
 .text          0x0000000000013839       0x2d obj_cooja/mtype298.a(random.o)
                0x0000000000013839                random_init
                0x0000000000013859                random_rand
 .text          0x0000000000013866      0x29c obj_cooja/mtype298.a(sensors.o)
                0x00000000000138a1                sensors_first
                0x00000000000138ab                sensors_next
                0x00000000000138c5                sensors_changed
                0x00000000000138f9                sensors_find
 .text          0x0000000000013b02       0xf6 obj_cooja/mtype298.a(leds.o)
                0x0000000000013b02                leds_init
                0x0000000000013b10                leds_blink
                0x0000000000013b53                leds_get
                0x0000000000013b60                leds_set
                0x0000000000013b7f                leds_on
                0x0000000000013ba5                leds_off
                0x0000000000013bd2                leds_toggle
 .text          0x0000000000013bf8     0x3779 obj_cooja/mtype298.a(mqtt.o)
                0x0000000000016d9b                mqtt_init
                0x0000000000016e59                mqtt_register
                0x0000000000016ef6                mqtt_connect
                0x0000000000017008                mqtt_disconnect
                0x0000000000017046                mqtt_subscribe
                0x0000000000017103                mqtt_unsubscribe
                0x00000000000171b1                mqtt_publish
                0x0000000000017292                mqtt_set_username_password
                0x000000000001731d                mqtt_set_last_will
 .text          0x0000000000017371      0x328 obj_cooja/mtype298.a(contiki-main.o)
                0x0000000000017371                main
 .text          0x0000000000017699       0x92 obj_cooja/mtype298.a(autostart.o)
                0x0000000000017699                autostart_start
                0x00000000000176e3                autostart_exit
 .text          0x000000000001772b      0x355 obj_cooja/mtype298.a(ctimer.o)
                0x0000000000017853                ctimer_init
                0x0000000000017886                ctimer_set
                0x00000000000178ac                ctimer_set_with_process
                0x0000000000017929                ctimer_reset
                0x000000000001797d                ctimer_restart
                0x00000000000179d1                ctimer_stop
                0x0000000000017a21                ctimer_expired
 .text          0x0000000000017a80       0x1b obj_cooja/mtype298.a(energest.o)
                0x0000000000017a80                energest_init
                0x0000000000017a86                energest_flush
                0x0000000000017a8c                energest_get_total_time
 .text          0x0000000000017a9b      0x43f obj_cooja/mtype298.a(etimer.o)
                0x0000000000017cbf                etimer_request_poll
                0x0000000000017d48                etimer_set
                0x0000000000017d71                etimer_reset_with_new_interval
                0x0000000000017da0                etimer_reset
                0x0000000000017dc6                etimer_restart
                0x0000000000017dec                etimer_adjust
                0x0000000000017e09                etimer_expired
                0x0000000000017e1c                etimer_expiration_time
                0x0000000000017e2e                etimer_start_time
                0x0000000000017e38                etimer_pending
                0x0000000000017e4a                etimer_next_expiration_time
                0x0000000000017e64                etimer_stop
 .text          0x0000000000017eda      0x394 obj_cooja/mtype298.a(log.o)
                0x0000000000017eda                log_6addr
                0x0000000000017f2d                log_6addr_compact_snprint
                0x0000000000017fcb                log_6addr_compact
                0x000000000001801e                log_lladdr
                0x0000000000018090                log_lladdr_compact
                0x00000000000180f8                log_set_level
                0x00000000000181b3                log_get_level
                0x000000000001822c                log_level_to_str
 .text          0x000000000001826e      0x4fb obj_cooja/mtype298.a(process.o)
                0x000000000001826e                process_alloc_event
                0x0000000000018283                process_start
                0x000000000001845d                process_exit
                0x000000000001847a                process_init
                0x000000000001860f                process_run
                0x0000000000018642                process_nevents
                0x000000000001865d                process_post
                0x00000000000186f0                process_post_synch
                0x0000000000018725                process_poll
                0x0000000000018755                process_is_running
 .text          0x0000000000018769       0xeb obj_cooja/mtype298.a(rtimer.o)
                0x0000000000018769                rtimer_init
                0x0000000000018777                rtimer_set
                0x00000000000187f2                rtimer_run_next
 .text          0x0000000000018854       0x25 obj_cooja/mtype298.a(node-id.o)
                0x0000000000018854                node_id_init
 .text          0x0000000000018879       0x9c obj_cooja/mtype298.a(timer.o)
                0x0000000000018879                timer_set
                0x0000000000018897                timer_reset
                0x00000000000188af                timer_restart
                0x00000000000188c4                timer_expired
                0x00000000000188f1                timer_remaining
 .text          0x0000000000018915      0x1eb obj_cooja/mtype298.a(serial-line.o)
                0x0000000000018915                serial_line_input_byte
                0x0000000000018acb                serial_line_init
 .text          0x0000000000018b00      0x28f obj_cooja/mtype298.a(list.o)
                0x0000000000018b00                list_init
                0x0000000000018b0f                list_head
                0x0000000000018b19                list_copy
                0x0000000000018b29                list_tail
                0x0000000000018b5f                list_add
                0x0000000000018bab                list_push
                0x0000000000018bd7                list_chop
                0x0000000000018c41                list_pop
                0x0000000000018c69                list_remove
                0x0000000000018cd1                list_length
                0x0000000000018cff                list_insert
                0x0000000000018d44                list_item_next
                0x0000000000018d5b                list_contains
 .text          0x0000000000018d8f      0x156 obj_cooja/mtype298.a(ringbuf.o)
                0x0000000000018d8f                ringbuf_init
                0x0000000000018dc1                ringbuf_put
                0x0000000000018e3f                ringbuf_get
                0x0000000000018eac                ringbuf_size
                0x0000000000018ebe                ringbuf_elements
 .text          0x0000000000018ee5      0x407 obj_cooja/mtype298.a(packetbuf.o)
                0x0000000000018ee5                packetbuf_clear
                0x0000000000018f10                packetbuf_copyfrom
                0x0000000000018f5f                packetbuf_copyto
                0x0000000000018ff2                packetbuf_hdralloc
                0x000000000001906e                packetbuf_hdrreduce
                0x00000000000190b4                packetbuf_set_datalen
                0x00000000000190ce                packetbuf_dataptr
                0x00000000000190eb                packetbuf_hdrptr
                0x00000000000190f5                packetbuf_datalen
                0x0000000000019101                packetbuf_hdrlen
                0x0000000000019118                packetbuf_totlen
                0x000000000001912e                packetbuf_remaininglen
                0x0000000000019141                packetbuf_attr_clear
                0x000000000001918d                packetbuf_attr_copyto
                0x00000000000191e5                packetbuf_attr_copyfrom
                0x000000000001923d                packetbuf_set_attr
                0x0000000000019267                packetbuf_attr
                0x0000000000019281                packetbuf_set_addr
                0x00000000000192b2                packetbuf_addr
                0x00000000000192cf                packetbuf_holds_broadcast
 .text          0x00000000000192ec       0xef obj_cooja/mtype298.a(netstack.o)
                0x00000000000192ec                netstack_process_ip_callback
                0x000000000001937d                netstack_ip_packet_processor_add
                0x00000000000193a0                uip_ds6_ip_packet_processor_rm
                0x00000000000193bd                netstack_init
 .text          0x00000000000193db       0x4f obj_cooja/mtype298.a(linkaddr.o)
                0x00000000000193db                linkaddr_copy
                0x00000000000193f1                linkaddr_cmp
                0x0000000000019414                linkaddr_set_node_addr
 .text          0x000000000001942a      0x165 obj_cooja/mtype298.a(csma.o)
 .text          0x000000000001958f      0x944 obj_cooja/mtype298.a(csma-output.o)
                0x0000000000019c08                csma_output_packet
                0x0000000000019e95                csma_output_init
 .text          0x0000000000019ed3      0xb25 obj_cooja/mtype298.a(uip-ds6.o)
                0x0000000000019ed3                uip_ds6_init
                0x000000000001a07e                uip_ds6_periodic
                0x000000000001a105                uip_ds6_list_loop
                0x000000000001a1c5                uip_ds6_prefix_add
                0x000000000001a271                uip_ds6_prefix_rm
                0x000000000001a284                uip_ds6_prefix_lookup
                0x000000000001a2c3                uip_ds6_is_addr_onlink
                0x000000000001a336                uip_ds6_addr_add
                0x000000000001a456                uip_ds6_addr_rm
                0x000000000001a4ff                uip_ds6_addr_lookup
                0x000000000001a538                uip_ds6_get_link_local
                0x000000000001a5b9                uip_ds6_get_global
                0x000000000001a63a                uip_ds6_maddr_add
                0x000000000001a69a                uip_ds6_maddr_rm
                0x000000000001a6ad                uip_ds6_maddr_lookup
                0x000000000001a6e6                uip_ds6_aaddr_add
                0x000000000001a746                uip_ds6_aaddr_rm
                0x000000000001a759                uip_ds6_aaddr_lookup
                0x000000000001a792                uip_ds6_select_src
                0x000000000001a8db                uip_ds6_set_addr_iid
                0x000000000001a906                uip_ds6_set_lladdr_from_iid
                0x000000000001a92f                get_match_length
                0x000000000001a9c0                uip_ds6_compute_reachable_time
 .text          0x000000000001a9f8      0x9d5 obj_cooja/mtype298.a(tcp-socket.o)
                0x000000000001b043                tcp_socket_register
                0x000000000001b0d4                tcp_socket_connect
                0x000000000001b16b                tcp_socket_listen
                0x000000000001b1e2                tcp_socket_unlisten
                0x000000000001b256                tcp_socket_send
                0x000000000001b2f6                tcp_socket_send_str
                0x000000000001b31e                tcp_socket_close
                0x000000000001b347                tcp_socket_unregister
                0x000000000001b3a1                tcp_socket_max_sendlen
                0x000000000001b3be                tcp_socket_queuelen
 .text          0x000000000001b3cd      0xa72 obj_cooja/mtype298.a(tcpip.o)
                0x000000000001b3e7                tcpip_output
                0x000000000001b4cb                tcp_connect
                0x000000000001b523                tcp_unlisten
                0x000000000001b583                tcp_listen
                0x000000000001b5e1                tcp_attach
                0x000000000001b5f9                udp_attach
                0x000000000001b611                udp_new
                0x000000000001b65b                udp_broadcast_new
                0x000000000001b8e0                tcpip_input
                0x000000000001ba80                tcpip_ipv6_output
                0x000000000001bc94                tcpip_poll_udp
                0x000000000001bcb2                tcpip_poll_tcp
                0x000000000001bcd0                tcpip_uipcall
 .text          0x000000000001be3f      0x35b obj_cooja/mtype298.a(uip-ds6-route.o)
                0x000000000001be90                uip_ds6_route_init
                0x000000000001beba                uip_ds6_route_nexthop
                0x000000000001bec4                uip_ds6_route_head
                0x000000000001bece                uip_ds6_route_next
                0x000000000001bed8                uip_ds6_route_is_nexthop
                0x000000000001bee2                uip_ds6_route_num_routes
                0x000000000001beec                uip_ds6_route_lookup
                0x000000000001bef6                uip_ds6_route_add
                0x000000000001bf09                uip_ds6_route_rm
                0x000000000001bf0f                uip_ds6_route_rm_by_nexthop
                0x000000000001bf15                uip_ds6_defrt_head
                0x000000000001bf2e                uip_ds6_defrt_add
                0x000000000001bfdc                uip_ds6_defrt_rm
                0x000000000001c042                uip_ds6_defrt_lookup
                0x000000000001c0a9                uip_ds6_defrt_choose
                0x000000000001c11f                uip_ds6_defrt_periodic
 .text          0x000000000001c19a     0x2802 obj_cooja/mtype298.a(uip6.o)
                0x000000000001c19a                uip_add32
                0x000000000001c334                uip_chksum
                0x000000000001c415                uip_icmp6chksum
                0x000000000001c42a                uip_tcpchksum
                0x000000000001c43f                uip_udpchksum
                0x000000000001c454                uip_init
                0x000000000001c4df                uip_connect
                0x000000000001c668                remove_ext_hdr
                0x000000000001c74d                uip_udp_new
                0x000000000001c86f                uip_unlisten
                0x000000000001c8b1                uip_listen
                0x000000000001cb52                uip_process
                0x000000000001e897                uip_htons
                0x000000000001e8b9                uip_htonl
                0x000000000001e8f7                uip_send
 .text          0x000000000001e99c      0x374 obj_cooja/mtype298.a(uip-ds6-nbr.o)
                0x000000000001e99c                uip_ds6_neighbors_init
                0x000000000001e9c0                uip_ds6_nbr_add
                0x000000000001ea46                uip_ds6_nbr_rm
                0x000000000001ea91                uip_ds6_nbr_update_ll
                0x000000000001eb7f                uip_ds6_nbr_get_ipaddr
                0x000000000001eb94                uip_ds6_nbr_get_ll
                0x000000000001ebb0                uip_ds6_nbr_num
                0x000000000001ebf9                uip_ds6_nbr_head
                0x000000000001ec12                uip_ds6_nbr_next
                0x000000000001ec2e                uip_ds6_nbr_lookup
                0x000000000001ec91                uip_ds6_nbr_ll_lookup
                0x000000000001ecad                uip_ds6_nbr_ipaddr_from_lladdr
                0x000000000001ecd6                uip_ds6_nbr_lladdr_from_ipaddr
                0x000000000001ed0a                uip_ds6_link_callback
 .text          0x000000000001ed10      0x6b5 obj_cooja/mtype298.a(uip-nd6.o)
                0x000000000001f3ac                uip_nd6_init
 .text          0x000000000001f3c5     0x2a78 obj_cooja/mtype298.a(sicslowpan.o)
                0x000000000001f8c3                netstack_sniffer_add
                0x000000000001f8d1                netstack_sniffer_remove
                0x0000000000021e09                sicslowpan_init
                0x0000000000021e33                sicslowpan_get_last_rssi
 .text          0x0000000000021e3d      0x4d1 obj_cooja/mtype298.a(uiplib.o)
                0x0000000000021e3d                uiplib_ip6addrconv
                0x0000000000021ff5                uiplib_ip4addrconv
                0x00000000000220b8                uiplib_ipaddr_print
                0x000000000002210b                uiplib_ipaddr_snprint
 .text          0x000000000002230e      0x4c9 obj_cooja/mtype298.a(rpl.o)
                0x000000000002230e                rpl_lollipop_greater_than
                0x0000000000022368                rpl_get_global_address
                0x0000000000022460                rpl_link_callback
                0x00000000000224a4                rpl_has_joined
                0x00000000000224c9                rpl_is_reachable
                0x000000000002254a                rpl_reset_prefix
                0x00000000000225b4                rpl_set_prefix_from_addr
                0x0000000000022699                rpl_set_prefix
                0x00000000000227b3                rpl_set_leaf_only
                0x00000000000227cb                rpl_get_leaf_only
 .text          0x00000000000227d7     0x13cb obj_cooja/mtype298.a(rpl-icmp6.o)
                0x00000000000228fc                rpl_icmp6_update_nbr_table
                0x0000000000022995                rpl_icmp6_dis_output
                0x0000000000022feb                rpl_icmp6_dio_output
                0x00000000000237f8                rpl_icmp6_dao_output
                0x0000000000023ae9                rpl_icmp6_dao_ack_output
                0x0000000000023b59                rpl_icmp6_init
 .text          0x0000000000023ba2      0xe51 obj_cooja/mtype298.a(rpl-dag.o)
                0x0000000000023ba2                rpl_dag_state_to_str
                0x0000000000023be1                rpl_dag_get_root_ipaddr
                0x0000000000023c29                rpl_dag_leave
                0x0000000000023cb2                rpl_dag_poison_and_leave
                0x0000000000023cca                rpl_dag_periodic
                0x0000000000023d52                rpl_is_addr_in_our_dag
                0x0000000000023d96                rpl_get_default_instance
                0x0000000000023db2                rpl_get_any_dag
                0x0000000000023e0b                rpl_refresh_routes
                0x0000000000023e4b                rpl_global_repair
                0x0000000000023ed7                rpl_local_repair
                0x0000000000023f21                rpl_dag_ready_to_advertise
                0x0000000000023f64                rpl_dag_update_state
                0x0000000000024688                rpl_process_dio
                0x0000000000024709                rpl_process_dis
                0x000000000002474e                rpl_process_dao
                0x00000000000247dd                rpl_process_dao_ack
                0x000000000002486f                rpl_process_hbh
                0x00000000000248bf                rpl_dag_init_root
                0x00000000000249d3                rpl_dag_init
 .text          0x00000000000249f3      0x286 obj_cooja/mtype298.a(rpl-dag-root.o)
                0x00000000000249f3                rpl_dag_root_print_links
                0x0000000000024b41                rpl_dag_root_set_prefix
                0x0000000000024b6d                rpl_dag_root_start
                0x0000000000024c4a                rpl_dag_root_is_root
 .text          0x0000000000024c79       0x1e obj_cooja/mtype298.a(watchdog.o)
                0x0000000000024c79                watchdog_init
                0x0000000000024c7f                watchdog_start
                0x0000000000024c85                watchdog_periodic
                0x0000000000024c8b                watchdog_stop
                0x0000000000024c91                watchdog_reboot
 .text          0x0000000000024c97       0xb2 obj_cooja/mtype298.a(stimer.o)
                0x0000000000024c97                stimer_set
                0x0000000000024cb5                stimer_reset
                0x0000000000024ccd                stimer_restart
                0x0000000000024ce2                stimer_expired
                0x0000000000024d0d                stimer_remaining
                0x0000000000024d31                stimer_elapsed
 .text          0x0000000000024d49      0x1b8 obj_cooja/mtype298.a(memb.o)
                0x0000000000024d49                memb_init
                0x0000000000024d9e                memb_alloc
                0x0000000000024e03                memb_free
                0x0000000000024e7e                memb_inmemb
                0x0000000000024ebd                memb_numfree
 .text          0x0000000000024f01      0x2e7 obj_cooja/mtype298.a(queuebuf.o)
                0x0000000000024f0b                queuebuf_init
                0x0000000000024f34                queuebuf_numfree
                0x0000000000024f4c                queuebuf_new_from_packetbuf
                0x0000000000024feb                queuebuf_update_attr_from_packetbuf
                0x0000000000025020                queuebuf_update_from_packetbuf
                0x0000000000025070                queuebuf_free
                0x00000000000250b9                queuebuf_to_packetbuf
                0x0000000000025125                queuebuf_dataptr
                0x000000000002515f                queuebuf_datalen
                0x0000000000025182                queuebuf_addr
                0x00000000000251b7                queuebuf_attr
                0x00000000000251e2                queuebuf_debug_print
 .text          0x00000000000251e8      0x78b obj_cooja/mtype298.a(nbr-table.o)
                0x0000000000025661                nbr_table_register
                0x00000000000256ce                nbr_table_is_registered
                0x0000000000025709                nbr_table_head
                0x0000000000025764                nbr_table_next
                0x00000000000257c5                nbr_table_add_lladdr
                0x000000000002588f                nbr_table_get_from_lladdr
                0x00000000000258db                nbr_table_remove
                0x0000000000025913                nbr_table_lock
                0x000000000002592d                nbr_table_unlock
                0x0000000000025947                nbr_table_get_lladdr
 .text          0x0000000000025973      0x37c obj_cooja/mtype298.a(link-stats.o)
                0x0000000000025973                link_stats_from_lladdr
                0x000000000002598f                link_stats_is_fresh
                0x00000000000259cb                guess_etx_from_rssi
                0x0000000000025a47                link_stats_packet_sent
                0x0000000000025b5a                link_stats_input_callback
                0x0000000000025c6a                link_stats_reset
                0x0000000000025cba                link_stats_init
 .text          0x0000000000025cef      0x187 obj_cooja/mtype298.a(mac-sequence.o)
                0x0000000000025cef                mac_sequence_is_duplicate
                0x0000000000025d8f                mac_sequence_register_seqno
 .text          0x0000000000025e76       0x23 obj_cooja/mtype298.a(mac.o)
                0x0000000000025e76                mac_call_sent_callback
 .text          0x0000000000025e99      0x41d obj_cooja/mtype298.a(framer-802154.o)
                0x0000000000026028                framer_802154_setup_params
 .text          0x00000000000262b6      0xb6f obj_cooja/mtype298.a(frame802154.o)
                0x00000000000262e7                frame802154_get_pan_id
                0x00000000000262f3                frame802154_set_pan_id
                0x000000000002630d                frame802154_has_panid
                0x00000000000264bc                frame802154_check_dest_panid
                0x0000000000026544                frame802154_is_broadcast_addr
                0x0000000000026591                frame802154_extract_linkaddr
                0x00000000000267f6                frame802154_hdrlen
                0x0000000000026869                frame802154_create_fcf
                0x0000000000026921                frame802154_create
                0x0000000000026a96                frame802154_parse_fcf
                0x0000000000026b78                frame802154_parse
 .text          0x0000000000026e25      0x1ec obj_cooja/mtype298.a(uipbuf.o)
                0x0000000000026e25                uipbuf_get_next_header
                0x0000000000026e94                uipbuf_get_last_header
                0x0000000000026f1b                uipbuf_get_attr
                0x0000000000026f42                uipbuf_set_attr
                0x0000000000026f79                uipbuf_clear_attr
                0x0000000000026fa5                uipbuf_set_attr_flag
                0x0000000000026fc6                uipbuf_clr_attr_flag
                0x0000000000026fed                uipbuf_is_attr_flag
 .text          0x0000000000027011      0x96e obj_cooja/mtype298.a(uip-icmp6.o)
                0x0000000000027086                uip_icmp6_input
                0x00000000000270dd                uip_icmp6_register_input_handler
                0x00000000000272e9                uip_icmp6_error_output
                0x0000000000027648                uip_icmp6_send
                0x0000000000027907                uip_icmp6_echo_reply_callback_add
                0x0000000000027939                uip_icmp6_echo_reply_callback_rm
                0x0000000000027956                uip_icmp6_init
 .text          0x000000000002797f      0x69b obj_cooja/mtype298.a(uip-sr.o)
                0x000000000002797f                uip_sr_num_nodes
                0x0000000000027a0d                uip_sr_get_node
                0x0000000000027a64                uip_sr_is_addr_reachable
                0x0000000000027b12                uip_sr_expire_parent
                0x0000000000027b5b                uip_sr_update_node
                0x0000000000027c8b                uip_sr_init
                0x0000000000027cbf                uip_sr_node_head
                0x0000000000027cd8                uip_sr_node_next
                0x0000000000027cee                uip_sr_periodic
                0x0000000000027df4                uip_sr_free_all
                0x0000000000027e64                uip_sr_link_snprint
 .text          0x000000000002801a      0x146 obj_cooja/mtype298.a(uip-packetqueue)
                0x0000000000028048                uip_packetqueue_new
                0x0000000000028057                uip_packetqueue_alloc
                0x00000000000280b2                uip_packetqueue_free
                0x00000000000280f9                uip_packetqueue_buf
                0x0000000000028116                uip_packetqueue_buflen
                0x0000000000028137                uip_packetqueue_set_buflen
 .text          0x0000000000028160      0x1c8 obj_cooja/mtype298.a(rpl-nbr-policy.)
                0x00000000000282e5                rpl_nbr_policy_find_removable
 .text          0x0000000000028328      0x8ed obj_cooja/mtype298.a(rpl-neighbor.o)
                0x00000000000283a4                rpl_neighbor_snprint
                0x0000000000028651                rpl_neighbor_print_list
                0x0000000000028706                rpl_neighbor_count
                0x00000000000287ad                rpl_neighbor_get_from_lladdr
                0x00000000000287c9                rpl_neighbor_is_acceptable_parent
                0x00000000000287fd                rpl_neighbor_get_link_metric
                0x0000000000028831                rpl_neighbor_rank_via_nbr
                0x0000000000028865                rpl_neighbor_get_lladdr
                0x0000000000028881                rpl_neighbor_get_ipaddr
                0x00000000000288a8                rpl_neighbor_get_link_stats
                0x00000000000288cf                rpl_neighbor_is_fresh
                0x00000000000288f6                rpl_neighbor_is_reachable
                0x0000000000028941                rpl_neighbor_is_parent
                0x000000000002896b                rpl_neighbor_set_preferred_parent
                0x00000000000289f7                rpl_neighbor_remove_all
                0x0000000000028a46                rpl_neighbor_get_from_ipaddr
                0x0000000000028b4a                rpl_neighbor_select_best
                0x0000000000028bf6                rpl_neighbor_init
 .text          0x0000000000028c15      0xa19 obj_cooja/mtype298.a(rpl-timers.o)
                0x0000000000028c15                rpl_timers_schedule_periodic_dis
                0x0000000000028d63                rpl_timers_dio_reset
                0x0000000000028e54                rpl_timers_schedule_unicast_dio
                0x0000000000028fda                rpl_timers_schedule_dao
                0x0000000000029114                rpl_timers_schedule_dao_ack
                0x000000000002919a                get_probing_delay
                0x00000000000291ce                get_probing_target
                0x00000000000293b8                rpl_schedule_probing
                0x00000000000293e6                rpl_schedule_probing_now
                0x0000000000029450                rpl_timers_unschedule_leaving
                0x0000000000029488                rpl_timers_schedule_leaving
                0x00000000000294c9                rpl_timers_init
                0x0000000000029559                rpl_timers_stop_dag_timers
                0x00000000000295d2                rpl_timers_unschedule_state_update
                0x00000000000295f6                rpl_timers_schedule_state_update
 .text          0x000000000002962e     0x102c obj_cooja/mtype298.a(rpl-ext-header.)
                0x000000000002962e                rpl_ext_header_srh_get_next_hop
                0x00000000000297aa                rpl_ext_header_srh_update
                0x0000000000029ea3                rpl_ext_header_hbh_update
                0x000000000002a3f8                rpl_ext_header_update
                0x000000000002a481                rpl_ext_header_remove
 .text          0x000000000002a65a      0x31b obj_cooja/mtype298.a(rpl-mrhof.o)
 .text          0x000000000002a975        0x0 /usr/lib/gcc/i686-linux-gnu/5/crtendS.o
 .text          0x000000000002a975        0x0 /usr/lib/gcc/i686-linux-gnu/5/../../../i386-linux-gnu/crtn.o
 *(.gnu.warning)

.fini           0x000000000002a978       0x14
 *(SORT(.fini))
 .fini          0x000000000002a978        0xf /usr/lib/gcc/i686-linux-gnu/5/../../../i386-linux-gnu/crti.o
                0x000000000002a978                _fini
 .fini          0x000000000002a987        0x5 /usr/lib/gcc/i686-linux-gnu/5/../../../i386-linux-gnu/crtn.o
                [!provide]                        PROVIDE (__etext, .)
                [!provide]                        PROVIDE (_etext, .)
                [!provide]                        PROVIDE (etext, .)

.rodata         0x000000000002a9a0      0xbc0
 *(.rodata .rodata.* .gnu.linkonce.r.*)
 .rodata        0x000000000002a9a0      0x44e mqtt-mote.o
                0x000000000002a9a8                autostart_processes
 *fill*         0x000000000002adee        0x2 
 .rodata        0x000000000002adf0        0x8 obj_cooja/mtype298.a(beep.o)
                0x000000000002adf0                beep_interface
 .rodata        0x000000000002adf8       0x20 obj_cooja/mtype298.a(button-sensor.o)
                0x000000000002adf8                button_interface
                0x000000000002ae08                button_sensor
 .rodata        0x000000000002ae18        0x8 obj_cooja/mtype298.a(leds-arch.o)
                0x000000000002ae18                leds_interface
 .rodata        0x000000000002ae20        0x8 obj_cooja/mtype298.a(moteid.o)
                0x000000000002ae20                moteid_interface
 .rodata        0x000000000002ae28       0x1c obj_cooja/mtype298.a(pir-sensor.o)
                0x000000000002ae28                pir_interface
                0x000000000002ae34                pir_sensor
 .rodata        0x000000000002ae44        0xe obj_cooja/mtype298.a(rs232.o)
                0x000000000002ae44                rs232_interface
 *fill*         0x000000000002ae52        0x2 
 .rodata        0x000000000002ae54       0x24 obj_cooja/mtype298.a(vib-sensor.o)
                0x000000000002ae54                vib_interface
                0x000000000002ae68                vib_sensor
 .rodata        0x000000000002ae78        0x8 obj_cooja/mtype298.a(clock.o)
                0x000000000002ae78                clock_interface
 .rodata        0x000000000002ae80        0x8 obj_cooja/mtype298.a(cooja-log.o)
                0x000000000002ae80                simlog_interface
 .rodata        0x000000000002ae88       0x2f obj_cooja/mtype298.a(cfs-cooja.o)
                0x000000000002ae88                cfs_interface
 *fill*         0x000000000002aeb7        0x9 
 .rodata        0x000000000002aec0       0x58 obj_cooja/mtype298.a(cooja-radio.o)
                0x000000000002aec0                radio_interface
                0x000000000002aee0                cooja_radio_driver
 .rodata        0x000000000002af18        0x8 obj_cooja/mtype298.a(eeprom.o)
                0x000000000002af18                eeprom_interface
 .rodata        0x000000000002af20        0x8 obj_cooja/mtype298.a(sensors.o)
 .rodata        0x000000000002af28       0x14 obj_cooja/mtype298.a(mqtt.o)
 .rodata        0x000000000002af3c       0xe8 obj_cooja/mtype298.a(contiki-main.o)
 .rodata        0x000000000002b024        0xf obj_cooja/mtype298.a(ctimer.o)
 .rodata        0x000000000002b033        0xc obj_cooja/mtype298.a(etimer.o)
 *fill*         0x000000000002b03f        0x1 
 .rodata        0x000000000002b040       0xc0 obj_cooja/mtype298.a(log.o)
 .rodata        0x000000000002b100        0xe obj_cooja/mtype298.a(serial-line.o)
 *fill*         0x000000000002b10e        0x2 
 .rodata        0x000000000002b110        0x8 obj_cooja/mtype298.a(linkaddr.o)
                0x000000000002b110                linkaddr_null
 .rodata        0x000000000002b118       0x20 obj_cooja/mtype298.a(csma.o)
                0x000000000002b120                csma_driver
 .rodata        0x000000000002b138       0x13 obj_cooja/mtype298.a(tcp-socket.o)
 .rodata        0x000000000002b14b        0xd obj_cooja/mtype298.a(tcpip.o)
 .rodata        0x000000000002b158       0x4d obj_cooja/mtype298.a(uip-ds6-route.o)
 *fill*         0x000000000002b1a5        0x3 
 .rodata        0x000000000002b1a8      0x13c obj_cooja/mtype298.a(uip6.o)
 .rodata        0x000000000002b2e4       0x30 obj_cooja/mtype298.a(sicslowpan.o)
                0x000000000002b2e4                unc_llconf
                0x000000000002b2e8                unc_ctxconf
                0x000000000002b2ec                unc_mxconf
                0x000000000002b2f0                llprefix
                0x000000000002b304                sicslowpan_driver
 .rodata        0x000000000002b314       0x2d obj_cooja/mtype298.a(uiplib.o)
 *fill*         0x000000000002b341       0x1f 
 .rodata        0x000000000002b360       0x70 obj_cooja/mtype298.a(rpl.o)
                0x000000000002b380                rpl_lite_driver
 .rodata        0x000000000002b3d0       0xdb obj_cooja/mtype298.a(rpl-dag.o)
 *fill*         0x000000000002b4ab        0x1 
 .rodata        0x000000000002b4ac        0xc obj_cooja/mtype298.a(framer-802154.o)
                0x000000000002b4ac                framer_802154
 .rodata        0x000000000002b4b8       0x44 obj_cooja/mtype298.a(uip-sr.o)
 .rodata        0x000000000002b4fc       0x58 obj_cooja/mtype298.a(rpl-neighbor.o)
 .rodata        0x000000000002b554        0xc obj_cooja/mtype298.a(rpl-timers.o)

.rodata1
 *(.rodata1)

.eh_frame_hdr   0x000000000002b560     0x167c
 *(.eh_frame_hdr)
 .eh_frame_hdr  0x000000000002b560     0x167c mqtt-mote.o
                0x000000000002b560                __GNU_EH_FRAME_HDR
 *(.eh_frame_entry .eh_frame_entry.*)

.eh_frame       0x000000000002cbdc     0x5b10
 *(.eh_frame)
 .eh_frame      0x000000000002cbdc       0x3c /usr/lib/gcc/i686-linux-gnu/5/../../../i386-linux-gnu/crti.o
                                         0x40 (size before relaxing)
 .eh_frame      0x000000000002cc18      0x260 mqtt-mote.o
                                        0x278 (size before relaxing)
 .eh_frame      0x000000000002ce78      0x178 obj_cooja/mtype298.o
                                        0x190 (size before relaxing)
 .eh_frame      0x000000000002cff0       0x40 obj_cooja/mtype298.a(simEnvChange.o)
                                         0x58 (size before relaxing)
 .eh_frame      0x000000000002d030       0x60 obj_cooja/mtype298.a(cooja_mt.o)
                                         0x78 (size before relaxing)
 .eh_frame      0x000000000002d090       0x80 obj_cooja/mtype298.a(cooja_mtarch.o)
                                         0x98 (size before relaxing)
 .eh_frame      0x000000000002d110       0xc8 obj_cooja/mtype298.a(rtimer-arch.o)
                                         0xe0 (size before relaxing)
 .eh_frame      0x000000000002d1d8      0x160 obj_cooja/mtype298.a(beep.o)
                                        0x178 (size before relaxing)
 .eh_frame      0x000000000002d338       0xa0 obj_cooja/mtype298.a(button-sensor.o)
                                         0xb8 (size before relaxing)
 .eh_frame      0x000000000002d3d8       0xa0 obj_cooja/mtype298.a(leds-arch.o)
                                         0xb8 (size before relaxing)
 .eh_frame      0x000000000002d478       0x40 obj_cooja/mtype298.a(moteid.o)
                                         0x58 (size before relaxing)
 .eh_frame      0x000000000002d4b8       0xa0 obj_cooja/mtype298.a(pir-sensor.o)
                                         0xb8 (size before relaxing)
 .eh_frame      0x000000000002d558      0x100 obj_cooja/mtype298.a(rs232.o)
                                        0x118 (size before relaxing)
 .eh_frame      0x000000000002d658       0xa0 obj_cooja/mtype298.a(vib-sensor.o)
                                         0xb8 (size before relaxing)
 .eh_frame      0x000000000002d6f8       0xc0 obj_cooja/mtype298.a(clock.o)
                                         0xd8 (size before relaxing)
 .eh_frame      0x000000000002d7b8      0x120 obj_cooja/mtype298.a(cooja-log.o)
                                        0x138 (size before relaxing)
 .eh_frame      0x000000000002d8d8      0x160 obj_cooja/mtype298.a(cfs-cooja.o)
                                        0x178 (size before relaxing)
 .eh_frame      0x000000000002da38      0x340 obj_cooja/mtype298.a(cooja-radio.o)
                                        0x358 (size before relaxing)
 .eh_frame      0x000000000002dd78       0xa0 obj_cooja/mtype298.a(eeprom.o)
                                         0xb8 (size before relaxing)
 .eh_frame      0x000000000002de18       0x40 obj_cooja/mtype298.a(random.o)
                                         0x58 (size before relaxing)
 .eh_frame      0x000000000002de58       0xc0 obj_cooja/mtype298.a(sensors.o)
                                         0xd8 (size before relaxing)
 .eh_frame      0x000000000002df18       0xe0 obj_cooja/mtype298.a(leds.o)
                                         0xf8 (size before relaxing)
 .eh_frame      0x000000000002dff8      0x4a4 obj_cooja/mtype298.a(mqtt.o)
                                        0x4bc (size before relaxing)
 .eh_frame      0x000000000002e49c       0x30 obj_cooja/mtype298.a(contiki-main.o)
                                         0x48 (size before relaxing)
 .eh_frame      0x000000000002e4cc       0x40 obj_cooja/mtype298.a(autostart.o)
                                         0x58 (size before relaxing)
 .eh_frame      0x000000000002e50c      0x100 obj_cooja/mtype298.a(ctimer.o)
                                        0x118 (size before relaxing)
 .eh_frame      0x000000000002e60c       0x60 obj_cooja/mtype298.a(energest.o)
                                         0x78 (size before relaxing)
 .eh_frame      0x000000000002e66c      0x1e0 obj_cooja/mtype298.a(etimer.o)
                                        0x1f8 (size before relaxing)
 .eh_frame      0x000000000002e84c      0x100 obj_cooja/mtype298.a(log.o)
                                        0x118 (size before relaxing)
 .eh_frame      0x000000000002e94c      0x1c4 obj_cooja/mtype298.a(process.o)
                                        0x1dc (size before relaxing)
 .eh_frame      0x000000000002eb10       0x60 obj_cooja/mtype298.a(rtimer.o)
                                         0x78 (size before relaxing)
 .eh_frame      0x000000000002eb70       0x20 obj_cooja/mtype298.a(node-id.o)
                                         0x38 (size before relaxing)
 .eh_frame      0x000000000002eb90       0xa4 obj_cooja/mtype298.a(timer.o)
                                         0xbc (size before relaxing)
 .eh_frame      0x000000000002ec34       0x60 obj_cooja/mtype298.a(serial-line.o)
                                         0x78 (size before relaxing)
 .eh_frame      0x000000000002ec94      0x1a0 obj_cooja/mtype298.a(list.o)
                                        0x1b8 (size before relaxing)
 .eh_frame      0x000000000002ee34       0xa0 obj_cooja/mtype298.a(ringbuf.o)
                                         0xb8 (size before relaxing)
 .eh_frame      0x000000000002eed4      0x28c obj_cooja/mtype298.a(packetbuf.o)
                                        0x2a4 (size before relaxing)
 .eh_frame      0x000000000002f160       0x80 obj_cooja/mtype298.a(netstack.o)
                                         0x98 (size before relaxing)
 .eh_frame      0x000000000002f1e0       0x60 obj_cooja/mtype298.a(linkaddr.o)
                                         0x78 (size before relaxing)
 .eh_frame      0x000000000002f240       0xa0 obj_cooja/mtype298.a(csma.o)
                                         0xb8 (size before relaxing)
 .eh_frame      0x000000000002f2e0      0x1d4 obj_cooja/mtype298.a(csma-output.o)
                                        0x1ec (size before relaxing)
 .eh_frame      0x000000000002f4b4      0x2e8 obj_cooja/mtype298.a(uip-ds6.o)
                                        0x300 (size before relaxing)
 .eh_frame      0x000000000002f79c      0x248 obj_cooja/mtype298.a(tcp-socket.o)
                                        0x260 (size before relaxing)
 .eh_frame      0x000000000002f9e4      0x308 obj_cooja/mtype298.a(tcpip.o)
                                        0x320 (size before relaxing)
 .eh_frame      0x000000000002fcec      0x220 obj_cooja/mtype298.a(uip-ds6-route.o)
                                        0x238 (size before relaxing)
 .eh_frame      0x000000000002ff0c      0x274 obj_cooja/mtype298.a(uip6.o)
                                        0x28c (size before relaxing)
 .eh_frame      0x0000000000030180      0x1c0 obj_cooja/mtype298.a(uip-ds6-nbr.o)
                                        0x1d8 (size before relaxing)
 .eh_frame      0x0000000000030340       0x84 obj_cooja/mtype298.a(uip-nd6.o)
                                         0x9c (size before relaxing)
 .eh_frame      0x00000000000303c4      0x2f8 obj_cooja/mtype298.a(sicslowpan.o)
                                        0x310 (size before relaxing)
 .eh_frame      0x00000000000306bc       0x88 obj_cooja/mtype298.a(uiplib.o)
                                         0xa0 (size before relaxing)
 .eh_frame      0x0000000000030744      0x1e0 obj_cooja/mtype298.a(rpl.o)
                                        0x1f8 (size before relaxing)
 .eh_frame      0x0000000000030924      0x1c4 obj_cooja/mtype298.a(rpl-icmp6.o)
                                        0x1dc (size before relaxing)
 .eh_frame      0x0000000000030ae8      0x370 obj_cooja/mtype298.a(rpl-dag.o)
                                        0x388 (size before relaxing)
 .eh_frame      0x0000000000030e58       0xa0 obj_cooja/mtype298.a(rpl-dag-root.o)
                                         0xb8 (size before relaxing)
 .eh_frame      0x0000000000030ef8       0xa0 obj_cooja/mtype298.a(watchdog.o)
                                         0xb8 (size before relaxing)
 .eh_frame      0x0000000000030f98       0xc4 obj_cooja/mtype298.a(stimer.o)
                                         0xdc (size before relaxing)
 .eh_frame      0x000000000003105c       0xa0 obj_cooja/mtype298.a(memb.o)
                                         0xb8 (size before relaxing)
 .eh_frame      0x00000000000310fc      0x1a0 obj_cooja/mtype298.a(queuebuf.o)
                                        0x1b8 (size before relaxing)
 .eh_frame      0x000000000003129c      0x2ac obj_cooja/mtype298.a(nbr-table.o)
                                        0x2c4 (size before relaxing)
 .eh_frame      0x0000000000031548      0x100 obj_cooja/mtype298.a(link-stats.o)
                                        0x118 (size before relaxing)
 .eh_frame      0x0000000000031648       0x48 obj_cooja/mtype298.a(mac-sequence.o)
                                         0x60 (size before relaxing)
 .eh_frame      0x0000000000031690       0x20 obj_cooja/mtype298.a(mac.o)
                                         0x38 (size before relaxing)
 .eh_frame      0x00000000000316b0       0xa4 obj_cooja/mtype298.a(framer-802154.o)
                                         0xbc (size before relaxing)
 .eh_frame      0x0000000000031754      0x1a4 obj_cooja/mtype298.a(frame802154.o)
                                        0x1bc (size before relaxing)
 .eh_frame      0x00000000000318f8      0x100 obj_cooja/mtype298.a(uipbuf.o)
                                        0x118 (size before relaxing)
 .eh_frame      0x00000000000319f8      0x160 obj_cooja/mtype298.a(uip-icmp6.o)
                                        0x178 (size before relaxing)
 .eh_frame      0x0000000000031b58      0x184 obj_cooja/mtype298.a(uip-sr.o)
                                        0x19c (size before relaxing)
 .eh_frame      0x0000000000031cdc       0xe0 obj_cooja/mtype298.a(uip-packetqueue)
                                         0xf8 (size before relaxing)
 .eh_frame      0x0000000000031dbc       0x80 obj_cooja/mtype298.a(rpl-nbr-policy.)
                                         0x98 (size before relaxing)
 .eh_frame      0x0000000000031e3c      0x2d4 obj_cooja/mtype298.a(rpl-neighbor.o)
                                        0x2ec (size before relaxing)
 .eh_frame      0x0000000000032110      0x368 obj_cooja/mtype298.a(rpl-timers.o)
                                        0x380 (size before relaxing)
 .eh_frame      0x0000000000032478      0x128 obj_cooja/mtype298.a(rpl-ext-header.)
                                        0x140 (size before relaxing)
 .eh_frame      0x00000000000325a0      0x148 obj_cooja/mtype298.a(rpl-mrhof.o)
                                        0x160 (size before relaxing)
 .eh_frame      0x00000000000326e8        0x4 /usr/lib/gcc/i686-linux-gnu/5/crtendS.o
 *(.eh_frame.*)

.gcc_except_table
 *(.gcc_except_table .gcc_except_table.*)

.gnu_extab
 *(.gnu_extab*)

.exception_ranges
 *(.exception_ranges .exception_ranges*)
                0x0000000000033f10                . = DATA_SEGMENT_ALIGN (0x1000, 0x1000)

.eh_frame
 *(.eh_frame)
 *(.eh_frame.*)

.gnu_extab
 *(.gnu_extab)

.gcc_except_table
 *(.gcc_except_table .gcc_except_table.*)

.exception_ranges
 *(.exception_ranges .exception_ranges*)

.tdata
 *(.tdata .tdata.* .gnu.linkonce.td.*)

.tbss
 *(.tbss .tbss.* .gnu.linkonce.tb.*)
 *(.tcommon)

.preinit_array
 *(.preinit_array)

.init_array     0x0000000000033f10        0x4
 *(SORT(.init_array.*) SORT(.ctors.*))
 *(.init_array EXCLUDE_FILE(*crtend?.o *crtend.o *crtbegin?.o *crtbegin.o) .ctors)
 .init_array    0x0000000000033f10        0x4 /usr/lib/gcc/i686-linux-gnu/5/crtbeginS.o

.fini_array     0x0000000000033f14        0x4
 *(SORT(.fini_array.*) SORT(.dtors.*))
 *(.fini_array EXCLUDE_FILE(*crtend?.o *crtend.o *crtbegin?.o *crtbegin.o) .dtors)
 .fini_array    0x0000000000033f14        0x4 /usr/lib/gcc/i686-linux-gnu/5/crtbeginS.o

.ctors
 *crtbegin.o(.ctors)
 *crtbegin?.o(.ctors)
 *(EXCLUDE_FILE(*crtend?.o *crtend.o) .ctors)
 *(SORT(.ctors.*))
 *(.ctors)

.dtors
 *crtbegin.o(.dtors)
 *crtbegin?.o(.dtors)
 *(EXCLUDE_FILE(*crtend?.o *crtend.o) .dtors)
 *(SORT(.dtors.*))
 *(.dtors)

.jcr            0x0000000000033f18        0x4
 *(.jcr)
 .jcr           0x0000000000033f18        0x0 /usr/lib/gcc/i686-linux-gnu/5/crtbeginS.o
 .jcr           0x0000000000033f18        0x4 /usr/lib/gcc/i686-linux-gnu/5/crtendS.o

.data.rel.ro
 *(.data.rel.ro.local* .gnu.linkonce.d.rel.ro.local.*)
 *(.data.rel.ro .data.rel.ro.* .gnu.linkonce.d.rel.ro.*)

.dynamic        0x0000000000033f1c       0xd0
 *(.dynamic)
 .dynamic       0x0000000000033f1c       0xd0 /usr/lib/gcc/i686-linux-gnu/5/../../../i386-linux-gnu/crti.o
                0x0000000000033f1c                _DYNAMIC

.got            0x0000000000033fec       0x14
 *(.got)
 .got           0x0000000000033fec       0x14 /usr/lib/gcc/i686-linux-gnu/5/../../../i386-linux-gnu/crti.o
 *(.igot)
                0x0000000000034ff4                . = DATA_SEGMENT_RELRO_END (., (SIZEOF (.got.plt) >= 0xc)?0xc:0x0)

.got.plt        0x0000000000034000        0xc
 *(.got.plt)
 .got.plt       0x0000000000034000        0xc /usr/lib/gcc/i686-linux-gnu/5/../../../i386-linux-gnu/crti.o
                0x0000000000034000                _GLOBAL_OFFSET_TABLE_
 *(.igot.plt)

.data           0x0000000000034020      0x324
 *(.data .data.* .gnu.linkonce.d.*)
 .data          0x0000000000034020        0x0 /usr/lib/gcc/i686-linux-gnu/5/../../../i386-linux-gnu/crti.o
 .data          0x0000000000034020        0x0 /usr/lib/gcc/i686-linux-gnu/5/crtbeginS.o
 .data.rel.local
                0x0000000000034020        0x4 /usr/lib/gcc/i686-linux-gnu/5/crtbeginS.o
                0x0000000000034020                __dso_handle
 .data          0x0000000000034024       0x14 mqtt-mote.o
                0x0000000000034028                mqtt_demo_process
 *fill*         0x0000000000034038        0x8 
 .data          0x0000000000034040       0x44 obj_cooja/mtype298.o
                0x0000000000034040                simInterfaces
                0x0000000000034074                sensors
 .data          0x0000000000034084        0x0 obj_cooja/mtype298.a(simEnvChange.o)
 .data          0x0000000000034084        0x0 obj_cooja/mtype298.a(cooja_mt.o)
 .data          0x0000000000034084        0x0 obj_cooja/mtype298.a(cooja_mtarch.o)
 .data          0x0000000000034084        0x0 obj_cooja/mtype298.a(rtimer-arch.o)
 .data          0x0000000000034084        0x0 obj_cooja/mtype298.a(beep.o)
 .data          0x0000000000034084        0x0 obj_cooja/mtype298.a(button-sensor.o)
 .data          0x0000000000034084        0x0 obj_cooja/mtype298.a(leds-arch.o)
 .data          0x0000000000034084        0x0 obj_cooja/mtype298.a(moteid.o)
 .data          0x0000000000034084        0x0 obj_cooja/mtype298.a(pir-sensor.o)
 .data          0x0000000000034084        0x0 obj_cooja/mtype298.a(rs232.o)
 .data          0x0000000000034084        0x0 obj_cooja/mtype298.a(vib-sensor.o)
 .data          0x0000000000034084        0x0 obj_cooja/mtype298.a(clock.o)
 .data          0x0000000000034084        0x0 obj_cooja/mtype298.a(cooja-log.o)
 .data          0x0000000000034084        0x0 obj_cooja/mtype298.a(cfs-cooja.o)
 .data          0x0000000000034084       0x2c obj_cooja/mtype298.a(cooja-radio.o)
                0x0000000000034084                simRadioHWOn
                0x0000000000034088                simSignalStrength
                0x000000000003408c                simLastSignalStrength
                0x0000000000034090                simPower
                0x0000000000034094                simRadioChannel
                0x0000000000034098                simLQI
                0x00000000000340a0                cooja_radio_process
 .data          0x00000000000340b0        0x0 obj_cooja/mtype298.a(eeprom.o)
 .data          0x00000000000340b0        0x0 obj_cooja/mtype298.a(random.o)
 .data          0x00000000000340b0       0x10 obj_cooja/mtype298.a(sensors.o)
                0x00000000000340b0                sensors_process
 .data          0x00000000000340c0        0x0 obj_cooja/mtype298.a(leds.o)
 .data          0x00000000000340c0       0x14 obj_cooja/mtype298.a(mqtt.o)
                0x00000000000340c4                mqtt_process
 .data          0x00000000000340d4        0x0 obj_cooja/mtype298.a(contiki-main.o)
 .data          0x00000000000340d4        0x0 obj_cooja/mtype298.a(autostart.o)
 .data          0x00000000000340d4       0x14 obj_cooja/mtype298.a(ctimer.o)
                0x00000000000340d8                ctimer_process
 .data          0x00000000000340e8        0x0 obj_cooja/mtype298.a(energest.o)
 .data          0x00000000000340e8       0x10 obj_cooja/mtype298.a(etimer.o)
                0x00000000000340e8                etimer_process
 *fill*         0x00000000000340f8        0x8 
 .data          0x0000000000034100       0xb0 obj_cooja/mtype298.a(log.o)
                0x0000000000034100                curr_log_level_main
                0x0000000000034120                all_modules
 .data          0x00000000000341b0        0x0 obj_cooja/mtype298.a(process.o)
 .data          0x00000000000341b0        0x0 obj_cooja/mtype298.a(rtimer.o)
 .data          0x00000000000341b0        0x0 obj_cooja/mtype298.a(node-id.o)
 .data          0x00000000000341b0        0x0 obj_cooja/mtype298.a(timer.o)
 .data          0x00000000000341b0       0x10 obj_cooja/mtype298.a(serial-line.o)
                0x00000000000341b0                serial_line_process
 .data          0x00000000000341c0        0x0 obj_cooja/mtype298.a(list.o)
 .data          0x00000000000341c0        0x0 obj_cooja/mtype298.a(ringbuf.o)
 .data          0x00000000000341c0        0x4 obj_cooja/mtype298.a(packetbuf.o)
 .data          0x00000000000341c4        0x4 obj_cooja/mtype298.a(netstack.o)
 .data          0x00000000000341c8        0x0 obj_cooja/mtype298.a(linkaddr.o)
 .data          0x00000000000341c8        0x0 obj_cooja/mtype298.a(csma.o)
 .data          0x00000000000341c8       0x28 obj_cooja/mtype298.a(csma-output.o)
 .data          0x00000000000341f0        0x0 obj_cooja/mtype298.a(uip-ds6.o)
 .data          0x00000000000341f0       0x14 obj_cooja/mtype298.a(tcp-socket.o)
                0x00000000000341f4                tcp_socket_process
 .data          0x0000000000034204       0x10 obj_cooja/mtype298.a(tcpip.o)
                0x0000000000034204                tcpip_process
 .data          0x0000000000034214       0x10 obj_cooja/mtype298.a(uip-ds6-route.o)
 .data          0x0000000000034224        0x0 obj_cooja/mtype298.a(uip6.o)
 .data          0x0000000000034224       0x14 obj_cooja/mtype298.a(uip-ds6-nbr.o)
                0x0000000000034234                ds6_neighbors
 .data          0x0000000000034238        0xc obj_cooja/mtype298.a(uip-nd6.o)
 .data          0x0000000000034244        0x0 obj_cooja/mtype298.a(sicslowpan.o)
 .data          0x0000000000034244        0x0 obj_cooja/mtype298.a(uiplib.o)
 .data          0x0000000000034244        0x0 obj_cooja/mtype298.a(rpl.o)
 .data          0x0000000000034244       0x30 obj_cooja/mtype298.a(rpl-icmp6.o)
 .data          0x0000000000034274        0x0 obj_cooja/mtype298.a(rpl-dag.o)
 .data          0x0000000000034274        0x0 obj_cooja/mtype298.a(rpl-dag-root.o)
 .data          0x0000000000034274        0x0 obj_cooja/mtype298.a(watchdog.o)
 .data          0x0000000000034274        0x0 obj_cooja/mtype298.a(stimer.o)
 .data          0x0000000000034274        0x0 obj_cooja/mtype298.a(memb.o)
 .data          0x0000000000034274       0x18 obj_cooja/mtype298.a(queuebuf.o)
 .data          0x000000000003428c       0x10 obj_cooja/mtype298.a(nbr-table.o)
 .data          0x000000000003429c       0x14 obj_cooja/mtype298.a(link-stats.o)
 .data          0x00000000000342b0        0x0 obj_cooja/mtype298.a(mac-sequence.o)
 .data          0x00000000000342b0        0x0 obj_cooja/mtype298.a(mac.o)
 .data          0x00000000000342b0        0x0 obj_cooja/mtype298.a(framer-802154.o)
 .data          0x00000000000342b0        0x2 obj_cooja/mtype298.a(frame802154.o)
 .data          0x00000000000342b2        0x0 obj_cooja/mtype298.a(uipbuf.o)
 *fill*         0x00000000000342b2        0x2 
 .data          0x00000000000342b4       0x20 obj_cooja/mtype298.a(uip-icmp6.o)
 .data          0x00000000000342d4       0x10 obj_cooja/mtype298.a(uip-sr.o)
 .data          0x00000000000342e4        0xc obj_cooja/mtype298.a(uip-packetqueue)
 .data          0x00000000000342f0        0x0 obj_cooja/mtype298.a(rpl-nbr-policy.)
 .data          0x00000000000342f0       0x14 obj_cooja/mtype298.a(rpl-neighbor.o)
                0x0000000000034300                rpl_neighbors
 .data          0x0000000000034304        0x0 obj_cooja/mtype298.a(rpl-timers.o)
 .data          0x0000000000034304        0x0 obj_cooja/mtype298.a(rpl-ext-header.)
 *fill*         0x0000000000034304       0x1c 
 .data          0x0000000000034320       0x24 obj_cooja/mtype298.a(rpl-mrhof.o)
                0x0000000000034320                rpl_mrhof
 .data          0x0000000000034344        0x0 /usr/lib/gcc/i686-linux-gnu/5/crtendS.o
 .data          0x0000000000034344        0x0 /usr/lib/gcc/i686-linux-gnu/5/../../../i386-linux-gnu/crtn.o

.tm_clone_table
                0x0000000000034344        0x0
 .tm_clone_table
                0x0000000000034344        0x0 /usr/lib/gcc/i686-linux-gnu/5/crtbeginS.o
 .tm_clone_table
                0x0000000000034344        0x0 /usr/lib/gcc/i686-linux-gnu/5/crtendS.o

.data1
 *(.data1)
                0x0000000000034344                _edata = .
                [!provide]                        PROVIDE (edata, .)
                0x0000000000034344                . = .
                0x0000000000034344                __bss_start = .

.bss            0x0000000000034360    0x14680
 *(.dynbss)
 .dynbss        0x0000000000034360        0x0 /usr/lib/gcc/i686-linux-gnu/5/../../../i386-linux-gnu/crti.o
 *(.bss .bss.* .gnu.linkonce.b.*)
 .bss           0x0000000000034360        0x0 /usr/lib/gcc/i686-linux-gnu/5/../../../i386-linux-gnu/crti.o
 .bss           0x0000000000034360        0x1 /usr/lib/gcc/i686-linux-gnu/5/crtbeginS.o
 *fill*         0x0000000000034361       0x1f 
 .bss           0x0000000000034380      0xbe4 mqtt-mote.o
 *fill*         0x0000000000034f64       0x1c 
 .bss           0x0000000000034f80     0x2030 obj_cooja/mtype298.o
 .bss           0x0000000000036fb0        0x1 obj_cooja/mtype298.a(simEnvChange.o)
                0x0000000000036fb0                simDontFallAsleep
 *fill*         0x0000000000036fb1        0x3 
 .bss           0x0000000000036fb4        0x4 obj_cooja/mtype298.a(cooja_mt.o)
 .bss           0x0000000000036fb8        0x4 obj_cooja/mtype298.a(cooja_mtarch.o)
 .bss           0x0000000000036fbc        0x0 obj_cooja/mtype298.a(rtimer-arch.o)
 .bss           0x0000000000036fbc        0x0 obj_cooja/mtype298.a(beep.o)
 .bss           0x0000000000036fbc        0x8 obj_cooja/mtype298.a(button-sensor.o)
 .bss           0x0000000000036fc4        0x0 obj_cooja/mtype298.a(leds-arch.o)
 .bss           0x0000000000036fc4        0x0 obj_cooja/mtype298.a(moteid.o)
 .bss           0x0000000000036fc4        0x1 obj_cooja/mtype298.a(pir-sensor.o)
                0x0000000000036fc4                simPirValue
 *fill*         0x0000000000036fc5        0x3 
 .bss           0x0000000000036fc8        0x4 obj_cooja/mtype298.a(rs232.o)
 .bss           0x0000000000036fcc        0x1 obj_cooja/mtype298.a(vib-sensor.o)
                0x0000000000036fcc                simVibValue
 .bss           0x0000000000036fcd        0x0 obj_cooja/mtype298.a(clock.o)
 *fill*         0x0000000000036fcd       0x13 
 .bss           0x0000000000036fe0     0x2020 obj_cooja/mtype298.a(cooja-log.o)
 .bss           0x0000000000039000      0xfc0 obj_cooja/mtype298.a(cfs-cooja.o)
                0x0000000000039000                simCFSData
                0x0000000000039fa0                simCFSSize
                0x0000000000039fa4                simCFSChanged
                0x0000000000039fa8                simCFSRead
                0x0000000000039fac                simCFSWritten
 .bss           0x0000000000039fc0       0x24 obj_cooja/mtype298.a(cooja-radio.o)
                0x0000000000039fc0                simReceiving
                0x0000000000039fc4                simInSize
                0x0000000000039fc8                simLastPacketTimestamp
                0x0000000000039fd0                simOutSize
 .bss           0x0000000000039fe4        0xc obj_cooja/mtype298.a(eeprom.o)
                0x0000000000039fe4                simEEPROMChanged
                0x0000000000039fe8                simEEPROMRead
                0x0000000000039fec                simEEPROMWritten
 .bss           0x0000000000039ff0        0x0 obj_cooja/mtype298.a(random.o)
 .bss           0x0000000000039ff0        0xc obj_cooja/mtype298.a(sensors.o)
 .bss           0x0000000000039ffc        0x0 obj_cooja/mtype298.a(leds.o)
 .bss           0x0000000000039ffc       0x15 obj_cooja/mtype298.a(mqtt.o)
 .bss           0x000000000003a011        0x0 obj_cooja/mtype298.a(contiki-main.o)
 .bss           0x000000000003a011        0x0 obj_cooja/mtype298.a(autostart.o)
 *fill*         0x000000000003a011        0x3 
 .bss           0x000000000003a014        0x5 obj_cooja/mtype298.a(ctimer.o)
 .bss           0x000000000003a019        0x0 obj_cooja/mtype298.a(energest.o)
 *fill*         0x000000000003a019        0x3 
 .bss           0x000000000003a01c        0x8 obj_cooja/mtype298.a(etimer.o)
 .bss           0x000000000003a024       0x28 obj_cooja/mtype298.a(log.o)
                0x000000000003a024                curr_log_level_rpl
                0x000000000003a028                curr_log_level_tcpip
                0x000000000003a02c                curr_log_level_ipv6
                0x000000000003a030                curr_log_level_6lowpan
                0x000000000003a034                curr_log_level_nullnet
                0x000000000003a038                curr_log_level_mac
                0x000000000003a03c                curr_log_level_framer
                0x000000000003a040                curr_log_level_6top
                0x000000000003a044                curr_log_level_coap
                0x000000000003a048                curr_log_level_lwm2m
 *fill*         0x000000000003a04c       0x14 
 .bss           0x000000000003a060      0x1a1 obj_cooja/mtype298.a(process.o)
                0x000000000003a060                process_list
                0x000000000003a064                process_current
 *fill*         0x000000000003a201        0x3 
 .bss           0x000000000003a204        0x4 obj_cooja/mtype298.a(rtimer.o)
 .bss           0x000000000003a208        0x2 obj_cooja/mtype298.a(node-id.o)
                0x000000000003a208                node_id
 .bss           0x000000000003a20a        0x0 obj_cooja/mtype298.a(timer.o)
 *fill*         0x000000000003a20a       0x16 
 .bss           0x000000000003a220      0x140 obj_cooja/mtype298.a(serial-line.o)
 .bss           0x000000000003a360        0x0 obj_cooja/mtype298.a(list.o)
 .bss           0x000000000003a360        0x0 obj_cooja/mtype298.a(ringbuf.o)
 .bss           0x000000000003a360       0xa0 obj_cooja/mtype298.a(packetbuf.o)
 .bss           0x000000000003a400        0x4 obj_cooja/mtype298.a(netstack.o)
 .bss           0x000000000003a404        0x0 obj_cooja/mtype298.a(linkaddr.o)
 .bss           0x000000000003a404        0x0 obj_cooja/mtype298.a(csma.o)
 *fill*         0x000000000003a404       0x1c 
 .bss           0x000000000003a420      0x726 obj_cooja/mtype298.a(csma-output.o)
 *fill*         0x000000000003ab46        0x2 
 .bss           0x000000000003ab48       0x20 obj_cooja/mtype298.a(uip-ds6.o)
 .bss           0x000000000003ab68        0x5 obj_cooja/mtype298.a(tcp-socket.o)
 *fill*         0x000000000003ab6d       0x13 
 .bss           0x000000000003ab80       0xc4 obj_cooja/mtype298.a(tcpip.o)
 *fill*         0x000000000003ac44       0x1c 
 .bss           0x000000000003ac60       0x60 obj_cooja/mtype298.a(uip-ds6-route.o)
 .bss           0x000000000003acc0        0xc obj_cooja/mtype298.a(uip6.o)
                0x000000000003acc0                uip_ext_bitmap
                0x000000000003acc1                uip_ext_len
                0x000000000003acc2                uip_ext_opt_offset
 *fill*         0x000000000003accc       0x14 
 .bss           0x000000000003ace0     0x1c20 obj_cooja/mtype298.a(uip-ds6-nbr.o)
 .bss           0x000000000003c900       0x10 obj_cooja/mtype298.a(uip-nd6.o)
 *fill*         0x000000000003c910       0x10 
 .bss           0x000000000003c920      0x724 obj_cooja/mtype298.a(sicslowpan.o)
 .bss           0x000000000003d044        0x0 obj_cooja/mtype298.a(uiplib.o)
 .bss           0x000000000003d044        0x1 obj_cooja/mtype298.a(rpl.o)
 .bss           0x000000000003d045        0x0 obj_cooja/mtype298.a(rpl-icmp6.o)
 .bss           0x000000000003d045        0x0 obj_cooja/mtype298.a(rpl-dag.o)
 *fill*         0x000000000003d045        0x3 
 .bss           0x000000000003d048       0x11 obj_cooja/mtype298.a(rpl-dag-root.o)
 .bss           0x000000000003d059        0x0 obj_cooja/mtype298.a(watchdog.o)
 .bss           0x000000000003d059        0x0 obj_cooja/mtype298.a(stimer.o)
 .bss           0x000000000003d059        0x0 obj_cooja/mtype298.a(memb.o)
 *fill*         0x000000000003d059        0x7 
 .bss           0x000000000003d060     0x2c80 obj_cooja/mtype298.a(queuebuf.o)
 .bss           0x000000000003fce0     0x1214 obj_cooja/mtype298.a(nbr-table.o)
 *fill*         0x0000000000040ef4        0xc 
 .bss           0x0000000000040f00      0xe10 obj_cooja/mtype298.a(link-stats.o)
 *fill*         0x0000000000041d10       0x10 
 .bss           0x0000000000041d20      0x100 obj_cooja/mtype298.a(mac-sequence.o)
 .bss           0x0000000000041e20        0x0 obj_cooja/mtype298.a(mac.o)
 .bss           0x0000000000041e20        0x2 obj_cooja/mtype298.a(framer-802154.o)
 .bss           0x0000000000041e22        0x0 obj_cooja/mtype298.a(frame802154.o)
 *fill*         0x0000000000041e22        0x2 
 .bss           0x0000000000041e24        0xc obj_cooja/mtype298.a(uipbuf.o)
 .bss           0x0000000000041e30       0x18 obj_cooja/mtype298.a(uip-icmp6.o)
 *fill*         0x0000000000041e48       0x18 
 .bss           0x0000000000041e60     0x1d80 obj_cooja/mtype298.a(uip-sr.o)
 .bss           0x0000000000043be0      0xa78 obj_cooja/mtype298.a(uip-packetqueue)
 .bss           0x0000000000044658        0xe obj_cooja/mtype298.a(rpl-nbr-policy.)
 *fill*         0x0000000000044666       0x1a 
 .bss           0x0000000000044680      0x960 obj_cooja/mtype298.a(rpl-neighbor.o)
 .bss           0x0000000000044fe0       0x40 obj_cooja/mtype298.a(rpl-timers.o)
 .bss           0x0000000000045020        0x0 obj_cooja/mtype298.a(rpl-ext-header.)
 .bss           0x0000000000045020        0x0 obj_cooja/mtype298.a(rpl-mrhof.o)
 .bss           0x0000000000045020        0x0 /usr/lib/gcc/i686-linux-gnu/5/crtendS.o
 .bss           0x0000000000045020        0x0 /usr/lib/gcc/i686-linux-gnu/5/../../../i386-linux-gnu/crtn.o
 *(COMMON)
 COMMON         0x0000000000045020        0x8 obj_cooja/mtype298.o
                0x0000000000045020                referenceVar
                0x0000000000045024                sensors_flags
 COMMON         0x0000000000045028        0xc obj_cooja/mtype298.a(simEnvChange.o)
                0x0000000000045028                simEtimerPending
                0x000000000004502c                simProcessRunValue
                0x0000000000045030                simEtimerNextExpirationTime
 *fill*         0x0000000000045034        0x4 
 COMMON         0x0000000000045038       0x18 obj_cooja/mtype298.a(rtimer-arch.o)
                0x0000000000045038                simRtimerPending
                0x0000000000045040                simRtimerCurrentTicks
                0x0000000000045048                simRtimerNextExpirationTime
 COMMON         0x0000000000045050        0x1 obj_cooja/mtype298.a(beep.o)
                0x0000000000045050                simBeeped
 COMMON         0x0000000000045051        0x3 obj_cooja/mtype298.a(button-sensor.o)
                0x0000000000045051                simButtonIsActive
                0x0000000000045052                simButtonIsDown
                0x0000000000045053                simButtonChanged
 COMMON         0x0000000000045054        0x1 obj_cooja/mtype298.a(leds-arch.o)
                0x0000000000045054                simLedsValue
 *fill*         0x0000000000045055        0x3 
 COMMON         0x0000000000045058        0xc obj_cooja/mtype298.a(moteid.o)
                0x0000000000045058                simRandomSeed
                0x000000000004505c                simMoteIDChanged
                0x0000000000045060                simMoteID
 COMMON         0x0000000000045064        0x2 obj_cooja/mtype298.a(pir-sensor.o)
                0x0000000000045064                simPirIsActive
                0x0000000000045065                simPirChanged
 *fill*         0x0000000000045066       0x1a 
 COMMON         0x0000000000045080      0x820 obj_cooja/mtype298.a(rs232.o)
                0x0000000000045080                simSerialReceivingFlag
                0x0000000000045084                simSerialReceivingLength
                0x00000000000450a0                simSerialReceivingData
 COMMON         0x00000000000458a0        0x2 obj_cooja/mtype298.a(vib-sensor.o)
                0x00000000000458a0                simVibChanged
                0x00000000000458a1                simVibIsActive
 *fill*         0x00000000000458a2        0x2 
 COMMON         0x00000000000458a4        0x4 obj_cooja/mtype298.a(clock.o)
                0x00000000000458a4                simCurrentTime
 *fill*         0x00000000000458a8       0x18 
 COMMON         0x00000000000458c0     0x2020 obj_cooja/mtype298.a(cooja-log.o)
                0x00000000000458c0                simLoggedLength
                0x00000000000458c4                simLoggedFlag
                0x00000000000458e0                simLoggedData
 COMMON         0x00000000000478e0      0x100 obj_cooja/mtype298.a(cooja-radio.o)
                0x00000000000478e0                simOutDataBuffer
                0x0000000000047960                simInDataBuffer
 COMMON         0x00000000000479e0      0x400 obj_cooja/mtype298.a(eeprom.o)
                0x00000000000479e0                simEEPROMData
 COMMON         0x0000000000047de0        0x1 obj_cooja/mtype298.a(sensors.o)
                0x0000000000047de0                sensors_event
 COMMON         0x0000000000047de1        0x1 obj_cooja/mtype298.a(mqtt.o)
                0x0000000000047de1                mqtt_update_event
 *fill*         0x0000000000047de2        0x2 
 COMMON         0x0000000000047de4       0x50 obj_cooja/mtype298.a(contiki-main.o)
                0x0000000000047de4                eb_per_time_source
                0x0000000000047df8                unicast_per_neighbor_rpl_storing
                0x0000000000047e0c                unicast_per_neighbor_rpl_ns
                0x0000000000047e20                default_common
 COMMON         0x0000000000047e34        0x1 obj_cooja/mtype298.a(serial-line.o)
                0x0000000000047e34                serial_line_event_message
 *fill*         0x0000000000047e35        0x3 
 COMMON         0x0000000000047e38       0x2c obj_cooja/mtype298.a(packetbuf.o)
                0x0000000000047e38                packetbuf_attrs
                0x0000000000047e54                packetbuf_addrs
 COMMON         0x0000000000047e64        0x8 obj_cooja/mtype298.a(linkaddr.o)
                0x0000000000047e64                linkaddr_node_addr
 *fill*         0x0000000000047e6c       0x14 
 COMMON         0x0000000000047e80      0x181 obj_cooja/mtype298.a(uip-ds6.o)
                0x0000000000047e80                uip_ds6_prefix_list
                0x0000000000047ee0                uip_ds6_timer_periodic
                0x0000000000047ef0                uip_ds6_netif_addr_list_offset
                0x0000000000047f00                uip_ds6_if
                0x0000000000047ff8                uip_ds6_timer_ra
                0x0000000000048000                uip_ds6_addr_size
 COMMON         0x0000000000048001        0x1 obj_cooja/mtype298.a(tcpip.o)
                0x0000000000048001                tcpip_event
 *fill*         0x0000000000048002       0x1e 
 COMMON         0x0000000000048020      0x80c obj_cooja/mtype298.a(uip6.o)
                0x0000000000048020                uip_slen
                0x0000000000048024                uip_acc32
                0x0000000000048040                uip_conns
                0x00000000000481c0                uip_lladdr
                0x00000000000481c8                uip_appdata
                0x00000000000481cc                uip_flags
                0x00000000000481e0                uip_aligned_buf
                0x00000000000486e0                uip_listenports
                0x0000000000048708                uip_len
                0x000000000004870c                uip_sappdata
                0x0000000000048720                uip_udp_conns
                0x0000000000048820                uip_udp_conn
                0x0000000000048824                uip_next_hdr
                0x0000000000048828                uip_conn
 COMMON         0x000000000004882c       0x10 obj_cooja/mtype298.a(rpl.o)
                0x000000000004882c                rpl_multicast_addr
 *fill*         0x000000000004883c        0x4 
 COMMON         0x0000000000048840      0x164 obj_cooja/mtype298.a(rpl-dag.o)
                0x0000000000048840                curr_instance
 *fill*         0x00000000000489a4       0x1c 
 COMMON         0x00000000000489c0       0x20 obj_cooja/mtype298.a(link-stats.o)
                0x00000000000489c0                periodic_timer
                0x00000000000489e0                . = ALIGN ((. != 0x0)?0x4:0x1)
                0x00000000000489e0                . = ALIGN (0x4)
                0x00000000000489e0                . = SEGMENT_START ("ldata-segment", .)
                0x00000000000489e0                . = ALIGN (0x4)
                0x00000000000489e0                _end = .
                [!provide]                        PROVIDE (end, .)
                0x00000000000489e0                . = DATA_SEGMENT_END (.)

.stab
 *(.stab)

.stabstr
 *(.stabstr)

.stab.excl
 *(.stab.excl)

.stab.exclstr
 *(.stab.exclstr)

.stab.index
 *(.stab.index)

.stab.indexstr
 *(.stab.indexstr)

.comment        0x0000000000000000       0x35
 *(.comment)
 .comment       0x0000000000000000       0x35 /usr/lib/gcc/i686-linux-gnu/5/crtbeginS.o
                                         0x36 (size before relaxing)
 .comment       0x0000000000000035       0x36 mqtt-mote.o
 .comment       0x0000000000000035       0x36 obj_cooja/mtype298.o
 .comment       0x0000000000000035       0x36 obj_cooja/mtype298.a(simEnvChange.o)
 .comment       0x0000000000000035       0x36 obj_cooja/mtype298.a(cooja_mt.o)
 .comment       0x0000000000000035       0x36 obj_cooja/mtype298.a(cooja_mtarch.o)
 .comment       0x0000000000000035       0x36 obj_cooja/mtype298.a(rtimer-arch.o)
 .comment       0x0000000000000035       0x36 obj_cooja/mtype298.a(beep.o)
 .comment       0x0000000000000035       0x36 obj_cooja/mtype298.a(button-sensor.o)
 .comment       0x0000000000000035       0x36 obj_cooja/mtype298.a(leds-arch.o)
 .comment       0x0000000000000035       0x36 obj_cooja/mtype298.a(moteid.o)
 .comment       0x0000000000000035       0x36 obj_cooja/mtype298.a(pir-sensor.o)
 .comment       0x0000000000000035       0x36 obj_cooja/mtype298.a(rs232.o)
 .comment       0x0000000000000035       0x36 obj_cooja/mtype298.a(vib-sensor.o)
 .comment       0x0000000000000035       0x36 obj_cooja/mtype298.a(clock.o)
 .comment       0x0000000000000035       0x36 obj_cooja/mtype298.a(cooja-log.o)
 .comment       0x0000000000000035       0x36 obj_cooja/mtype298.a(cfs-cooja.o)
 .comment       0x0000000000000035       0x36 obj_cooja/mtype298.a(cooja-radio.o)
 .comment       0x0000000000000035       0x36 obj_cooja/mtype298.a(eeprom.o)
 .comment       0x0000000000000035       0x36 obj_cooja/mtype298.a(random.o)
 .comment       0x0000000000000035       0x36 obj_cooja/mtype298.a(sensors.o)
 .comment       0x0000000000000035       0x36 obj_cooja/mtype298.a(leds.o)
 .comment       0x0000000000000035       0x36 obj_cooja/mtype298.a(mqtt.o)
 .comment       0x0000000000000035       0x36 obj_cooja/mtype298.a(contiki-main.o)
 .comment       0x0000000000000035       0x36 obj_cooja/mtype298.a(autostart.o)
 .comment       0x0000000000000035       0x36 obj_cooja/mtype298.a(ctimer.o)
 .comment       0x0000000000000035       0x36 obj_cooja/mtype298.a(energest.o)
 .comment       0x0000000000000035       0x36 obj_cooja/mtype298.a(etimer.o)
 .comment       0x0000000000000035       0x36 obj_cooja/mtype298.a(log.o)
 .comment       0x0000000000000035       0x36 obj_cooja/mtype298.a(process.o)
 .comment       0x0000000000000035       0x36 obj_cooja/mtype298.a(rtimer.o)
 .comment       0x0000000000000035       0x36 obj_cooja/mtype298.a(node-id.o)
 .comment       0x0000000000000035       0x36 obj_cooja/mtype298.a(timer.o)
 .comment       0x0000000000000035       0x36 obj_cooja/mtype298.a(serial-line.o)
 .comment       0x0000000000000035       0x36 obj_cooja/mtype298.a(list.o)
 .comment       0x0000000000000035       0x36 obj_cooja/mtype298.a(ringbuf.o)
 .comment       0x0000000000000035       0x36 obj_cooja/mtype298.a(packetbuf.o)
 .comment       0x0000000000000035       0x36 obj_cooja/mtype298.a(netstack.o)
 .comment       0x0000000000000035       0x36 obj_cooja/mtype298.a(linkaddr.o)
 .comment       0x0000000000000035       0x36 obj_cooja/mtype298.a(csma.o)
 .comment       0x0000000000000035       0x36 obj_cooja/mtype298.a(csma-output.o)
 .comment       0x0000000000000035       0x36 obj_cooja/mtype298.a(uip-ds6.o)
 .comment       0x0000000000000035       0x36 obj_cooja/mtype298.a(tcp-socket.o)
 .comment       0x0000000000000035       0x36 obj_cooja/mtype298.a(tcpip.o)
 .comment       0x0000000000000035       0x36 obj_cooja/mtype298.a(uip-ds6-route.o)
 .comment       0x0000000000000035       0x36 obj_cooja/mtype298.a(uip6.o)
 .comment       0x0000000000000035       0x36 obj_cooja/mtype298.a(uip-ds6-nbr.o)
 .comment       0x0000000000000035       0x36 obj_cooja/mtype298.a(uip-nd6.o)
 .comment       0x0000000000000035       0x36 obj_cooja/mtype298.a(sicslowpan.o)
 .comment       0x0000000000000035       0x36 obj_cooja/mtype298.a(uiplib.o)
 .comment       0x0000000000000035       0x36 obj_cooja/mtype298.a(rpl.o)
 .comment       0x0000000000000035       0x36 obj_cooja/mtype298.a(rpl-icmp6.o)
 .comment       0x0000000000000035       0x36 obj_cooja/mtype298.a(rpl-dag.o)
 .comment       0x0000000000000035       0x36 obj_cooja/mtype298.a(rpl-dag-root.o)
 .comment       0x0000000000000035       0x36 obj_cooja/mtype298.a(watchdog.o)
 .comment       0x0000000000000035       0x36 obj_cooja/mtype298.a(stimer.o)
 .comment       0x0000000000000035       0x36 obj_cooja/mtype298.a(memb.o)
 .comment       0x0000000000000035       0x36 obj_cooja/mtype298.a(queuebuf.o)
 .comment       0x0000000000000035       0x36 obj_cooja/mtype298.a(nbr-table.o)
 .comment       0x0000000000000035       0x36 obj_cooja/mtype298.a(link-stats.o)
 .comment       0x0000000000000035       0x36 obj_cooja/mtype298.a(mac-sequence.o)
 .comment       0x0000000000000035       0x36 obj_cooja/mtype298.a(mac.o)
 .comment       0x0000000000000035       0x36 obj_cooja/mtype298.a(framer-802154.o)
 .comment       0x0000000000000035       0x36 obj_cooja/mtype298.a(frame802154.o)
 .comment       0x0000000000000035       0x36 obj_cooja/mtype298.a(uipbuf.o)
 .comment       0x0000000000000035       0x36 obj_cooja/mtype298.a(uip-icmp6.o)
 .comment       0x0000000000000035       0x36 obj_cooja/mtype298.a(uip-sr.o)
 .comment       0x0000000000000035       0x36 obj_cooja/mtype298.a(uip-packetqueue)
 .comment       0x0000000000000035       0x36 obj_cooja/mtype298.a(rpl-nbr-policy.)
 .comment       0x0000000000000035       0x36 obj_cooja/mtype298.a(rpl-neighbor.o)
 .comment       0x0000000000000035       0x36 obj_cooja/mtype298.a(rpl-timers.o)
 .comment       0x0000000000000035       0x36 obj_cooja/mtype298.a(rpl-ext-header.)
 .comment       0x0000000000000035       0x36 obj_cooja/mtype298.a(rpl-mrhof.o)
 .comment       0x0000000000000035       0x36 /usr/lib/gcc/i686-linux-gnu/5/crtendS.o

.debug
 *(.debug)

.line
 *(.line)

.debug_srcinfo
 *(.debug_srcinfo)

.debug_sfnames
 *(.debug_sfnames)

.debug_aranges  0x0000000000000000      0x900
 *(.debug_aranges)
 .debug_aranges
                0x0000000000000000       0x20 mqtt-mote.o
 .debug_aranges
                0x0000000000000020       0x20 obj_cooja/mtype298.o
 .debug_aranges
                0x0000000000000040       0x20 obj_cooja/mtype298.a(simEnvChange.o)
 .debug_aranges
                0x0000000000000060       0x20 obj_cooja/mtype298.a(cooja_mt.o)
 .debug_aranges
                0x0000000000000080       0x20 obj_cooja/mtype298.a(cooja_mtarch.o)
 .debug_aranges
                0x00000000000000a0       0x20 obj_cooja/mtype298.a(rtimer-arch.o)
 .debug_aranges
                0x00000000000000c0       0x20 obj_cooja/mtype298.a(beep.o)
 .debug_aranges
                0x00000000000000e0       0x20 obj_cooja/mtype298.a(button-sensor.o)
 .debug_aranges
                0x0000000000000100       0x20 obj_cooja/mtype298.a(leds-arch.o)
 .debug_aranges