Archive member included to satisfy reference by file (symbol)

obj_cooja/mtype481.a(simEnvChange.o)
                              obj_cooja/mtype481.o (simDontFallAsleep)
obj_cooja/mtype481.a(cooja_mt.o)
                              obj_cooja/mtype481.o (cooja_mt_start)
obj_cooja/mtype481.a(cooja_mtarch.o)
                              obj_cooja/mtype481.a(cooja_mt.o) (cooja_mtarch_start)
obj_cooja/mtype481.a(rtimer-arch.o)
                              obj_cooja/mtype481.o (rtimer_arch_check)
obj_cooja/mtype481.a(beep.o)  obj_cooja/mtype481.o (beep_interface)
obj_cooja/mtype481.a(button-sensor.o)
                              obj_cooja/mtype481.o (button_interface)
obj_cooja/mtype481.a(leds-arch.o)
                              obj_cooja/mtype481.o (leds_interface)
obj_cooja/mtype481.a(moteid.o)
                              obj_cooja/mtype481.o (moteid_interface)
obj_cooja/mtype481.a(pir-sensor.o)
                              obj_cooja/mtype481.o (pir_interface)
obj_cooja/mtype481.a(rs232.o)
                              obj_cooja/mtype481.o (rs232_interface)
obj_cooja/mtype481.a(vib-sensor.o)
                              obj_cooja/mtype481.o (vib_interface)
obj_cooja/mtype481.a(clock.o)
                              obj_cooja/mtype481.o (clock_interface)
obj_cooja/mtype481.a(cooja-log.o)
                              obj_cooja/mtype481.o (simlog_interface)
obj_cooja/mtype481.a(cfs-cooja.o)
                              obj_cooja/mtype481.o (cfs_interface)
obj_cooja/mtype481.a(cooja-radio.o)
                              obj_cooja/mtype481.o (radio_interface)
obj_cooja/mtype481.a(eeprom.o)
                              obj_cooja/mtype481.o (eeprom_interface)
obj_cooja/mtype481.a(random.o)
                              obj_cooja/mtype481.a(moteid.o) (random_init)
obj_cooja/mtype481.a(sensors.o)
                              obj_cooja/mtype481.a(button-sensor.o) (sensors_changed)
obj_cooja/mtype481.a(leds.o)  mqtt-mote.o (leds_on)
obj_cooja/mtype481.a(mqtt.o)  mqtt-mote.o (mqtt_disconnect)
obj_cooja/mtype481.a(contiki-main.o)
                              obj_cooja/mtype481.o (main)
obj_cooja/mtype481.a(autostart.o)
                              obj_cooja/mtype481.a(contiki-main.o) (autostart_start)
obj_cooja/mtype481.a(ctimer.o)
                              obj_cooja/mtype481.a(contiki-main.o) (ctimer_init)
obj_cooja/mtype481.a(energest.o)
                              obj_cooja/mtype481.a(contiki-main.o) (energest_init)
obj_cooja/mtype481.a(etimer.o)
                              obj_cooja/mtype481.a(contiki-main.o) (etimer_process)
obj_cooja/mtype481.a(log.o)   obj_cooja/mtype481.a(contiki-main.o) (curr_log_level_main)
obj_cooja/mtype481.a(process.o)
                              obj_cooja/mtype481.a(mqtt.o) (process_current)
obj_cooja/mtype481.a(rtimer.o)
                              obj_cooja/mtype481.a(contiki-main.o) (rtimer_init)
obj_cooja/mtype481.a(node-id.o)
                              obj_cooja/mtype481.a(contiki-main.o) (node_id)
obj_cooja/mtype481.a(timer.o)
                              mqtt-mote.o (timer_set)
obj_cooja/mtype481.a(serial-line.o)
                              obj_cooja/mtype481.a(rs232.o) (serial_line_input_byte)
obj_cooja/mtype481.a(list.o)  obj_cooja/mtype481.a(mqtt.o) (list_init)
obj_cooja/mtype481.a(ringbuf.o)
                              obj_cooja/mtype481.a(serial-line.o) (ringbuf_init)
obj_cooja/mtype481.a(packetbuf.o)
                              obj_cooja/mtype481.a(cooja-radio.o) (packetbuf_clear)
obj_cooja/mtype481.a(netstack.o)
                              obj_cooja/mtype481.a(contiki-main.o) (netstack_init)
obj_cooja/mtype481.a(linkaddr.o)
                              mqtt-mote.o (linkaddr_node_addr)
obj_cooja/mtype481.a(csma.o)  obj_cooja/mtype481.a(cooja-radio.o) (csma_driver)
obj_cooja/mtype481.a(csma-output.o)
                              obj_cooja/mtype481.a(csma.o) (csma_output_packet)
obj_cooja/mtype481.a(uip-ds6.o)
                              obj_cooja/mtype481.a(contiki-main.o) (uip_ds6_get_link_local)
obj_cooja/mtype481.a(tcp-socket.o)
                              obj_cooja/mtype481.a(mqtt.o) (tcp_socket_register)
obj_cooja/mtype481.a(tcpip.o)
                              obj_cooja/mtype481.a(tcp-socket.o) (tcpip_event)
obj_cooja/mtype481.a(uip-ds6-route.o)
                              obj_cooja/mtype481.a(uip-ds6.o) (uip_ds6_route_init)
obj_cooja/mtype481.a(uip6.o)  obj_cooja/mtype481.a(contiki-main.o) (uip_lladdr)
obj_cooja/mtype481.a(uip-ds6-nbr.o)
                              obj_cooja/mtype481.a(uip-ds6.o) (uip_ds6_neighbors_init)
obj_cooja/mtype481.a(uip-nd6.o)
                              obj_cooja/mtype481.a(uip6.o) (uip_nd6_init)
obj_cooja/mtype481.a(sicslowpan.o)
                              obj_cooja/mtype481.a(contiki-main.o) (sicslowpan_driver)
obj_cooja/mtype481.a(uiplib.o)
                              obj_cooja/mtype481.a(mqtt.o) (uiplib_ip6addrconv)
[...]
Memory Configuration

Name             Origin             Length             Attributes
*default*        0x0000000000000000 0xffffffffffffffff

Linker script and memory map

LOAD /usr/lib/gcc/i686-linux-gnu/5/../../../i386-linux-gnu/crti.o
LOAD /usr/lib/gcc/i686-linux-gnu/5/crtbeginS.o
LOAD mqtt-mote.o
LOAD obj_cooja/mtype481.o
LOAD obj_cooja/mtype481.a
LOAD /usr/lib/gcc/i686-linux-gnu/5/libgcc.a
LOAD /usr/lib/gcc/i686-linux-gnu/5/libgcc_s.so
LOAD /usr/lib/gcc/i686-linux-gnu/5/../../../i386-linux-gnu/libc.so
START GROUP
LOAD /lib/i386-linux-gnu/libc.so.6
LOAD /usr/lib/i386-linux-gnu/libc_nonshared.a
LOAD /lib/i386-linux-gnu/ld-linux.so.2
END GROUP
LOAD /usr/lib/gcc/i686-linux-gnu/5/libgcc.a
LOAD /usr/lib/gcc/i686-linux-gnu/5/libgcc_s.so
LOAD /usr/lib/gcc/i686-linux-gnu/5/crtendS.o
LOAD /usr/lib/gcc/i686-linux-gnu/5/../../../i386-linux-gnu/crtn.o
                0x0000000000000114                . = (0x0 + SIZEOF_HEADERS)

.note.gnu.build-id
                0x0000000000000114       0x24
 *(.note.gnu.build-id)
 .note.gnu.build-id
                0x0000000000000114       0x24 /usr/lib/gcc/i686-linux-gnu/5/../../../i386-linux-gnu/crti.o

.hash
 *(.hash)

.gnu.hash       0x0000000000000138     0x13d8
 *(.gnu.hash)
 .gnu.hash      0x0000000000000138     0x13d8 /usr/lib/gcc/i686-linux-gnu/5/../../../i386-linux-gnu/crti.o

.dynsym         0x0000000000001510     0x27d0
 *(.dynsym)
 .dynsym        0x0000000000001510     0x27d0 /usr/lib/gcc/i686-linux-gnu/5/../../../i386-linux-gnu/crti.o

.dynstr         0x0000000000003ce0     0x2b15
 *(.dynstr)
 .dynstr        0x0000000000003ce0     0x2b15 /usr/lib/gcc/i686-linux-gnu/5/../../../i386-linux-gnu/crti.o

.gnu.version    0x00000000000067f6      0x4fa
 *(.gnu.version)
 .gnu.version   0x00000000000067f6      0x4fa /usr/lib/gcc/i686-linux-gnu/5/../../../i386-linux-gnu/crti.o

.gnu.version_d  0x0000000000006cf0        0x0
 *(.gnu.version_d)
 .gnu.version_d
                0x0000000000006cf0        0x0 /usr/lib/gcc/i686-linux-gnu/5/../../../i386-linux-gnu/crti.o

.gnu.version_r  0x0000000000006cf0       0x40
 *(.gnu.version_r)
 .gnu.version_r
                0x0000000000006cf0       0x40 /usr/lib/gcc/i686-linux-gnu/5/../../../i386-linux-gnu/crti.o

.rel.dyn        0x0000000000006d30     0xa2d8
 *(.rel.init)
 .rel.init      0x0000000000006d30        0x0 /usr/lib/gcc/i686-linux-gnu/5/../../../i386-linux-gnu/crti.o
 *(.rel.text .rel.text.* .rel.gnu.linkonce.t.*)
 .rel.text      0x0000000000006d30     0x99d0 /usr/lib/gcc/i686-linux-gnu/5/../../../i386-linux-gnu/crti.o
 *(.rel.fini)
 .rel.fini      0x0000000000010700        0x0 /usr/lib/gcc/i686-linux-gnu/5/../../../i386-linux-gnu/crti.o
 *(.rel.rodata .rel.rodata.* .rel.gnu.linkonce.r.*)
 .rel.rodata    0x0000000000010700      0x578 /usr/lib/gcc/i686-linux-gnu/5/../../../i386-linux-gnu/crti.o
 *(.rel.data.rel.ro .rel.data.rel.ro.* .rel.gnu.linkonce.d.rel.ro.*)
 *(.rel.data .rel.data.* .rel.gnu.linkonce.d.*)
 .rel.data.rel.local
                0x0000000000010c78        0x8 /usr/lib/gcc/i686-linux-gnu/5/../../../i386-linux-gnu/crti.o
 .rel.data      0x0000000000010c80      0x350 /usr/lib/gcc/i686-linux-gnu/5/../../../i386-linux-gnu/crti.o
 *(.rel.tdata .rel.tdata.* .rel.gnu.linkonce.td.*)
 *(.rel.tbss .rel.tbss.* .rel.gnu.linkonce.tb.*)
 *(.rel.ctors)
 *(.rel.dtors)
 *(.rel.got)
 .rel.got       0x0000000000010fd0       0x28 /usr/lib/gcc/i686-linux-gnu/5/../../../i386-linux-gnu/crti.o
 *(.rel.bss .rel.bss.* .rel.gnu.linkonce.b.*)
 *(.rel.ifunc)
 .rel.ifunc     0x0000000000010ff8        0x0 /usr/lib/gcc/i686-linux-gnu/5/../../../i386-linux-gnu/crti.o
 .rel.fini_array
                0x0000000000010ff8        0x8 /usr/lib/gcc/i686-linux-gnu/5/../../../i386-linux-gnu/crti.o
 .rel.init_array
                0x0000000000011000        0x8 /usr/lib/gcc/i686-linux-gnu/5/../../../i386-linux-gnu/crti.o

.rel.plt        0x0000000000011008        0x0
 *(.rel.plt)
 .rel.plt       0x0000000000011008        0x0 /usr/lib/gcc/i686-linux-gnu/5/../../../i386-linux-gnu/crti.o
 *(.rel.iplt)

.init           0x0000000000011008       0x23
 *(SORT(.init))
 .init          0x0000000000011008       0x1e /usr/lib/gcc/i686-linux-gnu/5/../../../i386-linux-gnu/crti.o
                0x0000000000011008                _init
 .init          0x0000000000011026        0x5 /usr/lib/gcc/i686-linux-gnu/5/../../../i386-linux-gnu/crtn.o

.plt            0x0000000000011030       0x10
 *(.plt)
 .plt           0x0000000000011030       0x10 /usr/lib/gcc/i686-linux-gnu/5/../../../i386-linux-gnu/crti.o
 *(.iplt)

.plt.got        0x0000000000011040       0x10
 *(.plt.got)
 .plt.got       0x0000000000011040       0x10 /usr/lib/gcc/i686-linux-gnu/5/../../../i386-linux-gnu/crti.o

.text           0x0000000000011050    0x1994f
 *(.text.unlikely .text.*_unlikely .text.unlikely.*)
 .text.unlikely
                0x0000000000011050        0x0 /usr/lib/gcc/i686-linux-gnu/5/crtbeginS.o
 *(.text.exit .text.exit.*)
 *(.text.startup .text.startup.*)
 *(.text.hot .text.hot.*)
 *(.text .stub .text.* .gnu.linkonce.t.*)
 .text          0x0000000000011050        0x0 /usr/lib/gcc/i686-linux-gnu/5/../../../i386-linux-gnu/crti.o
 .gnu.linkonce.t.__x86.get_pc_thunk.bx
                0x0000000000011050        0x4 /usr/lib/gcc/i686-linux-gnu/5/../../../i386-linux-gnu/crti.o
                0x0000000000011050                __x86.get_pc_thunk.bx
 *fill*         0x0000000000011054        0xc 
 .text          0x0000000000011060      0x11c /usr/lib/gcc/i686-linux-gnu/5/crtbeginS.o
 .text.__x86.get_pc_thunk.dx
                0x000000000001117c        0x4 /usr/lib/gcc/i686-linux-gnu/5/crtbeginS.o
                0x000000000001117c                __x86.get_pc_thunk.dx
 .text          0x0000000000011180     0x1148 mqtt-mote.o
                0x0000000000011180                isFull
                0x0000000000011194                enqueue
                0x00000000000111eb                dequeue
                0x0000000000011231                calculateQueueAverage
                0x00000000000112a7                ipaddr_sprintf
 .text          0x00000000000122c8      0x271 obj_cooja/mtype481.o
                0x000000000001235a                platform_init_stage_one
                0x0000000000012360                platform_init_stage_two
                0x000000000001236e                platform_init_stage_three
                0x0000000000012381                platform_main_loop
                0x00000000000123f4                Java_org_contikios_cooja_corecomm_Lib2_init
                0x000000000001242b                Java_org_contikios_cooja_corecomm_Lib2_getMemory
                0x000000000001245e                Java_org_contikios_cooja_corecomm_Lib2_setMemory
                0x00000000000124be                Java_org_contikios_cooja_corecomm_Lib2_tick
                0x0000000000012526                Java_org_contikios_cooja_corecomm_Lib2_setReferenceAddress
 .text          0x0000000000012539       0x65 obj_cooja/mtype481.a(simEnvChange.o)
                0x0000000000012539                doActionsBeforeTick
                0x000000000001256b                doActionsAfterTick
 .text          0x000000000001259e       0x83 obj_cooja/mtype481.a(cooja_mt.o)
                0x000000000001259e                cooja_mt_start
                0x00000000000125c8                cooja_mt_exec
                0x00000000000125fe                cooja_mt_yield
 .text          0x0000000000012621       0xbe obj_cooja/mtype481.a(cooja_mtarch.o)
                0x0000000000012621                cooja_mtarch_start
                0x0000000000012694                cooja_sw
                0x00000000000126b7                cooja_mtarch_exec
                0x00000000000126d4                cooja_mtarch_yield
 .text          0x00000000000126df       0xc5 obj_cooja/mtype481.a(rtimer-arch.o)
                0x00000000000126df                rtimer_arch_init
                0x0000000000012703                rtimer_arch_schedule
                0x0000000000012733                rtimer_arch_next
                0x0000000000012743                rtimer_arch_pending
                0x000000000001274d                rtimer_arch_check
                0x0000000000012794                rtimer_arch_now
 .text          0x00000000000127a4       0x81 obj_cooja/mtype481.a(beep.o)
                0x00000000000127a4                beep_alarm
                0x00000000000127b1                beep_beep
                0x00000000000127be                beep
                0x00000000000127cb                beep_down
                0x00000000000127d8                beep_on
                0x00000000000127e5                beep_off
                0x00000000000127f2                beep_spinup
                0x00000000000127ff                beep_quick
                0x000000000001280c                beep_long
 .text          0x0000000000012825      0x10d obj_cooja/mtype481.a(button-sensor.o)
 .text          0x0000000000012932       0x49 obj_cooja/mtype481.a(leds-arch.o)
                0x0000000000012932                leds_arch_init
                0x000000000001293f                leds_arch_get
                0x000000000001294b                leds_arch_set
 .text          0x000000000001297b       0x35 obj_cooja/mtype481.a(moteid.o)
 .text          0x00000000000129b0       0xb7 obj_cooja/mtype481.a(pir-sensor.o)
 .text          0x0000000000012a67      0x148 obj_cooja/mtype481.a(rs232.o)
                0x0000000000012a67                rs232_init
                0x0000000000012a6d                rs232_set_speed
                0x0000000000012a7c                rs232_set_input
                0x0000000000012a8a                rs232_send
                0x0000000000012aae                rs232_print
                0x0000000000012aca                slip_arch_writeb
 .text          0x0000000000012baf       0xb7 obj_cooja/mtype481.a(vib-sensor.o)
 .text          0x0000000000012c66       0x38 obj_cooja/mtype481.a(clock.o)
                0x0000000000012c66                clock_init
                0x0000000000012c6c                clock_time
                0x0000000000012c76                clock_seconds
                0x0000000000012c8c                clock_delay
 .text          0x0000000000012c9e      0x219 obj_cooja/mtype481.a(cooja-log.o)
                0x0000000000012c9e                simlog_char
                0x0000000000012ce1                simlog
                0x0000000000012d57                log_message
                0x0000000000012d88                log_set_putchar_with_slip
                0x0000000000012d96                log_putchar
                0x0000000000012e11                log_puts
                0x0000000000012e39                log_printf
 .text          0x0000000000012eb7      0x2b9 obj_cooja/mtype481.a(cfs-cooja.o)
                0x0000000000012eb7                cfs_open
                0x0000000000012f20                cfs_close
                0x0000000000012f2d                cfs_read
                0x0000000000012fc2                cfs_write
                0x000000000001309e                cfs_seek
                0x0000000000013126                cfs_remove
                0x000000000001314a                cfs_opendir
                0x0000000000013154                cfs_readdir
                0x000000000001315e                cfs_closedir
 .text          0x0000000000013170      0x605 obj_cooja/mtype481.a(cooja-radio.o)
                0x00000000000131b2                radio_set_channel
                0x00000000000131c0                radio_set_txpower
                0x00000000000131d8                radio_signal_strength_last
                0x00000000000131e2                radio_signal_strength_current
                0x00000000000131ec                radio_LQI
 .text          0x0000000000013775       0xee obj_cooja/mtype481.a(eeprom.o)
                0x0000000000013775                eeprom_init
                0x000000000001377b                eeprom_read
                0x00000000000137e9                eeprom_write
 .text          0x0000000000013863       0x2d obj_cooja/mtype481.a(random.o)
                0x0000000000013863                random_init
                0x0000000000013883                random_rand
 .text          0x0000000000013890      0x29c obj_cooja/mtype481.a(sensors.o)
                0x00000000000138cb                sensors_first
                0x00000000000138d5                sensors_next
                0x00000000000138ef                sensors_changed
                0x0000000000013923                sensors_find
 .text          0x0000000000013b2c       0xf6 obj_cooja/mtype481.a(leds.o)
                0x0000000000013b2c                leds_init
                0x0000000000013b3a                leds_blink
                0x0000000000013b7d                leds_get
                0x0000000000013b8a                leds_set
                0x0000000000013ba9                leds_on
                0x0000000000013bcf                leds_off
                0x0000000000013bfc                leds_toggle
 .text          0x0000000000013c22     0x3779 obj_cooja/mtype481.a(mqtt.o)
                0x0000000000016dc5                mqtt_init
                0x0000000000016e83                mqtt_register
                0x0000000000016f20                mqtt_connect
                0x0000000000017032                mqtt_disconnect
                0x0000000000017070                mqtt_subscribe
                0x000000000001712d                mqtt_unsubscribe
                0x00000000000171db                mqtt_publish
                0x00000000000172bc                mqtt_set_username_password
                0x0000000000017347                mqtt_set_last_will
 .text          0x000000000001739b      0x328 obj_cooja/mtype481.a(contiki-main.o)
                0x000000000001739b                main
 .text          0x00000000000176c3       0x92 obj_cooja/mtype481.a(autostart.o)
                0x00000000000176c3                autostart_start
                0x000000000001770d                autostart_exit
 .text          0x0000000000017755      0x355 obj_cooja/mtype481.a(ctimer.o)
                0x000000000001787d                ctimer_init
                0x00000000000178b0                ctimer_set
                0x00000000000178d6                ctimer_set_with_process
                0x0000000000017953                ctimer_reset
                0x00000000000179a7                ctimer_restart
                0x00000000000179fb                ctimer_stop
                0x0000000000017a4b                ctimer_expired
 .text          0x0000000000017aaa       0x1b obj_cooja/mtype481.a(energest.o)
                0x0000000000017aaa                energest_init
                0x0000000000017ab0                energest_flush
                0x0000000000017ab6                energest_get_total_time
 .text          0x0000000000017ac5      0x43f obj_cooja/mtype481.a(etimer.o)
                0x0000000000017ce9                etimer_request_poll
                0x0000000000017d72                etimer_set
                0x0000000000017d9b                etimer_reset_with_new_interval
                0x0000000000017dca                etimer_reset
                0x0000000000017df0                etimer_restart
                0x0000000000017e16                etimer_adjust
                0x0000000000017e33                etimer_expired
                0x0000000000017e46                etimer_expiration_time
                0x0000000000017e58                etimer_start_time
                0x0000000000017e62                etimer_pending
                0x0000000000017e74                etimer_next_expiration_time
                0x0000000000017e8e                etimer_stop
 .text          0x0000000000017f04      0x394 obj_cooja/mtype481.a(log.o)
                0x0000000000017f04                log_6addr
                0x0000000000017f57                log_6addr_compact_snprint
                0x0000000000017ff5                log_6addr_compact
                0x0000000000018048                log_lladdr
                0x00000000000180ba                log_lladdr_compact
                0x0000000000018122                log_set_level
                0x00000000000181dd                log_get_level
                0x0000000000018256                log_level_to_str
 .text          0x0000000000018298      0x4fb obj_cooja/mtype481.a(process.o)
                0x0000000000018298                process_alloc_event
                0x00000000000182ad                process_start
                0x0000000000018487                process_exit
                0x00000000000184a4                process_init
                0x0000000000018639                process_run
                0x000000000001866c                process_nevents
                0x0000000000018687                process_post
                0x000000000001871a                process_post_synch
                0x000000000001874f                process_poll
                0x000000000001877f                process_is_running
 .text          0x0000000000018793       0xeb obj_cooja/mtype481.a(rtimer.o)
                0x0000000000018793                rtimer_init
                0x00000000000187a1                rtimer_set
                0x000000000001881c                rtimer_run_next
 .text          0x000000000001887e       0x25 obj_cooja/mtype481.a(node-id.o)
                0x000000000001887e                node_id_init
 .text          0x00000000000188a3       0x9c obj_cooja/mtype481.a(timer.o)
                0x00000000000188a3                timer_set
                0x00000000000188c1                timer_reset
                0x00000000000188d9                timer_restart
                0x00000000000188ee                timer_expired
                0x000000000001891b                timer_remaining
 .text          0x000000000001893f      0x1eb obj_cooja/mtype481.a(serial-line.o)
                0x000000000001893f                serial_line_input_byte
                0x0000000000018af5                serial_line_init
 .text          0x0000000000018b2a      0x28f obj_cooja/mtype481.a(list.o)
                0x0000000000018b2a                list_init
                0x0000000000018b39                list_head
                0x0000000000018b43                list_copy
                0x0000000000018b53                list_tail
                0x0000000000018b89                list_add
                0x0000000000018bd5                list_push
                0x0000000000018c01                list_chop
                0x0000000000018c6b                list_pop
                0x0000000000018c93                list_remove
                0x0000000000018cfb                list_length
                0x0000000000018d29                list_insert
                0x0000000000018d6e                list_item_next
                0x0000000000018d85                list_contains
 .text          0x0000000000018db9      0x156 obj_cooja/mtype481.a(ringbuf.o)
                0x0000000000018db9                ringbuf_init
                0x0000000000018deb                ringbuf_put
                0x0000000000018e69                ringbuf_get
                0x0000000000018ed6                ringbuf_size
                0x0000000000018ee8                ringbuf_elements
 .text          0x0000000000018f0f      0x407 obj_cooja/mtype481.a(packetbuf.o)
                0x0000000000018f0f                packetbuf_clear
                0x0000000000018f3a                packetbuf_copyfrom
                0x0000000000018f89                packetbuf_copyto
                0x000000000001901c                packetbuf_hdralloc
                0x0000000000019098                packetbuf_hdrreduce
                0x00000000000190de                packetbuf_set_datalen
                0x00000000000190f8                packetbuf_dataptr
                0x0000000000019115                packetbuf_hdrptr
                0x000000000001911f                packetbuf_datalen
                0x000000000001912b                packetbuf_hdrlen
                0x0000000000019142                packetbuf_totlen
                0x0000000000019158                packetbuf_remaininglen
                0x000000000001916b                packetbuf_attr_clear
                0x00000000000191b7                packetbuf_attr_copyto
                0x000000000001920f                packetbuf_attr_copyfrom
                0x0000000000019267                packetbuf_set_attr
                0x0000000000019291                packetbuf_attr
                0x00000000000192ab                packetbuf_set_addr
                0x00000000000192dc                packetbuf_addr
                0x00000000000192f9                packetbuf_holds_broadcast
 .text          0x0000000000019316       0xef obj_cooja/mtype481.a(netstack.o)
                0x0000000000019316                netstack_process_ip_callback
                0x00000000000193a7                netstack_ip_packet_processor_add
                0x00000000000193ca                uip_ds6_ip_packet_processor_rm
                0x00000000000193e7                netstack_init
 .text          0x0000000000019405       0x4f obj_cooja/mtype481.a(linkaddr.o)
                0x0000000000019405                linkaddr_copy
                0x000000000001941b                linkaddr_cmp
                0x000000000001943e                linkaddr_set_node_addr
 .text          0x0000000000019454      0x165 obj_cooja/mtype481.a(csma.o)
 .text          0x00000000000195b9      0x944 obj_cooja/mtype481.a(csma-output.o)
                0x0000000000019c32                csma_output_packet
                0x0000000000019ebf                csma_output_init
 .text          0x0000000000019efd      0xb25 obj_cooja/mtype481.a(uip-ds6.o)
                0x0000000000019efd                uip_ds6_init
                0x000000000001a0a8                uip_ds6_periodic
                0x000000000001a12f                uip_ds6_list_loop
                0x000000000001a1ef                uip_ds6_prefix_add
                0x000000000001a29b                uip_ds6_prefix_rm
                0x000000000001a2ae                uip_ds6_prefix_lookup
                0x000000000001a2ed                uip_ds6_is_addr_onlink
                0x000000000001a360                uip_ds6_addr_add
                0x000000000001a480                uip_ds6_addr_rm
                0x000000000001a529                uip_ds6_addr_lookup
                0x000000000001a562                uip_ds6_get_link_local
                0x000000000001a5e3                uip_ds6_get_global
                0x000000000001a664                uip_ds6_maddr_add
                0x000000000001a6c4                uip_ds6_maddr_rm
                0x000000000001a6d7                uip_ds6_maddr_lookup
                0x000000000001a710                uip_ds6_aaddr_add
                0x000000000001a770                uip_ds6_aaddr_rm
                0x000000000001a783                uip_ds6_aaddr_lookup
                0x000000000001a7bc                uip_ds6_select_src
                0x000000000001a905                uip_ds6_set_addr_iid
                0x000000000001a930                uip_ds6_set_lladdr_from_iid
                0x000000000001a959                get_match_length
                0x000000000001a9ea                uip_ds6_compute_reachable_time
 .text          0x000000000001aa22      0x9d5 obj_cooja/mtype481.a(tcp-socket.o)
                0x000000000001b06d                tcp_socket_register
                0x000000000001b0fe                tcp_socket_connect
                0x000000000001b195                tcp_socket_listen
                0x000000000001b20c                tcp_socket_unlisten
                0x000000000001b280                tcp_socket_send
                0x000000000001b320                tcp_socket_send_str
                0x000000000001b348                tcp_socket_close
                0x000000000001b371                tcp_socket_unregister
                0x000000000001b3cb                tcp_socket_max_sendlen
                0x000000000001b3e8                tcp_socket_queuelen
 .text          0x000000000001b3f7      0xa72 obj_cooja/mtype481.a(tcpip.o)
                0x000000000001b411                tcpip_output
                0x000000000001b4f5                tcp_connect
                0x000000000001b54d                tcp_unlisten
                0x000000000001b5ad                tcp_listen
                0x000000000001b60b                tcp_attach
                0x000000000001b623                udp_attach
                0x000000000001b63b                udp_new
                0x000000000001b685                udp_broadcast_new
                0x000000000001b90a                tcpip_input
                0x000000000001baaa                tcpip_ipv6_output
                0x000000000001bcbe                tcpip_poll_udp
                0x000000000001bcdc                tcpip_poll_tcp
                0x000000000001bcfa                tcpip_uipcall
 .text          0x000000000001be69      0x35b obj_cooja/mtype481.a(uip-ds6-route.o)
                0x000000000001beba                uip_ds6_route_init
                0x000000000001bee4                uip_ds6_route_nexthop
                0x000000000001beee                uip_ds6_route_head
                0x000000000001bef8                uip_ds6_route_next
                0x000000000001bf02                uip_ds6_route_is_nexthop
                0x000000000001bf0c                uip_ds6_route_num_routes
                0x000000000001bf16                uip_ds6_route_lookup
                0x000000000001bf20                uip_ds6_route_add
                0x000000000001bf33                uip_ds6_route_rm
                0x000000000001bf39                uip_ds6_route_rm_by_nexthop
                0x000000000001bf3f                uip_ds6_defrt_head
                0x000000000001bf58                uip_ds6_defrt_add
                0x000000000001c006                uip_ds6_defrt_rm
                0x000000000001c06c                uip_ds6_defrt_lookup
                0x000000000001c0d3                uip_ds6_defrt_choose
                0x000000000001c149                uip_ds6_defrt_periodic
 .text          0x000000000001c1c4     0x2802 obj_cooja/mtype481.a(uip6.o)
                0x000000000001c1c4                uip_add32
                0x000000000001c35e                uip_chksum
                0x000000000001c43f                uip_icmp6chksum
                0x000000000001c454                uip_tcpchksum
                0x000000000001c469                uip_udpchksum
                0x000000000001c47e                uip_init
                0x000000000001c509                uip_connect
                0x000000000001c692                remove_ext_hdr
                0x000000000001c777                uip_udp_new
                0x000000000001c899                uip_unlisten
                0x000000000001c8db                uip_listen
                0x000000000001cb7c                uip_process
                0x000000000001e8c1                uip_htons
                0x000000000001e8e3                uip_htonl
                0x000000000001e921                uip_send
 .text          0x000000000001e9c6      0x374 obj_cooja/mtype481.a(uip-ds6-nbr.o)
                0x000000000001e9c6                uip_ds6_neighbors_init
                0x000000000001e9ea                uip_ds6_nbr_add
                0x000000000001ea70                uip_ds6_nbr_rm
                0x000000000001eabb                uip_ds6_nbr_update_ll
                0x000000000001eba9                uip_ds6_nbr_get_ipaddr
                0x000000000001ebbe                uip_ds6_nbr_get_ll
                0x000000000001ebda                uip_ds6_nbr_num
                0x000000000001ec23                uip_ds6_nbr_head
                0x000000000001ec3c                uip_ds6_nbr_next
                0x000000000001ec58                uip_ds6_nbr_lookup
                0x000000000001ecbb                uip_ds6_nbr_ll_lookup
                0x000000000001ecd7                uip_ds6_nbr_ipaddr_from_lladdr
                0x000000000001ed00                uip_ds6_nbr_lladdr_from_ipaddr
                0x000000000001ed34                uip_ds6_link_callback
 .text          0x000000000001ed3a      0x6b5 obj_cooja/mtype481.a(uip-nd6.o)
                0x000000000001f3d6                uip_nd6_init
 .text          0x000000000001f3ef     0x2a78 obj_cooja/mtype481.a(sicslowpan.o)
                0x000000000001f8ed                netstack_sniffer_add
                0x000000000001f8fb                netstack_sniffer_remove
                0x0000000000021e33                sicslowpan_init
                0x0000000000021e5d                sicslowpan_get_last_rssi
 .text          0x0000000000021e67      0x4d1 obj_cooja/mtype481.a(uiplib.o)
                0x0000000000021e67                uiplib_ip6addrconv
                0x000000000002201f                uiplib_ip4addrconv
                0x00000000000220e2                uiplib_ipaddr_print
                0x0000000000022135                uiplib_ipaddr_snprint
 .text          0x0000000000022338      0x4c9 obj_cooja/mtype481.a(rpl.o)
                0x0000000000022338                rpl_lollipop_greater_than
                0x0000000000022392                rpl_get_global_address
                0x000000000002248a                rpl_link_callback
                0x00000000000224ce                rpl_has_joined
                0x00000000000224f3                rpl_is_reachable
                0x0000000000022574                rpl_reset_prefix
                0x00000000000225de                rpl_set_prefix_from_addr
                0x00000000000226c3                rpl_set_prefix
                0x00000000000227dd                rpl_set_leaf_only
                0x00000000000227f5                rpl_get_leaf_only
 .text          0x0000000000022801     0x13cb obj_cooja/mtype481.a(rpl-icmp6.o)
                0x0000000000022926                rpl_icmp6_update_nbr_table
                0x00000000000229bf                rpl_icmp6_dis_output
                0x0000000000023015                rpl_icmp6_dio_output
                0x0000000000023822                rpl_icmp6_dao_output
                0x0000000000023b13                rpl_icmp6_dao_ack_output
                0x0000000000023b83                rpl_icmp6_init
 .text          0x0000000000023bcc      0xe51 obj_cooja/mtype481.a(rpl-dag.o)
                0x0000000000023bcc                rpl_dag_state_to_str
                0x0000000000023c0b                rpl_dag_get_root_ipaddr
                0x0000000000023c53                rpl_dag_leave
                0x0000000000023cdc                rpl_dag_poison_and_leave
                0x0000000000023cf4                rpl_dag_periodic
                0x0000000000023d7c                rpl_is_addr_in_our_dag
                0x0000000000023dc0                rpl_get_default_instance
                0x0000000000023ddc                rpl_get_any_dag
                0x0000000000023e35                rpl_refresh_routes
                0x0000000000023e75                rpl_global_repair
                0x0000000000023f01                rpl_local_repair
                0x0000000000023f4b                rpl_dag_ready_to_advertise
                0x0000000000023f8e                rpl_dag_update_state
                0x00000000000246b2                rpl_process_dio
                0x0000000000024733                rpl_process_dis
                0x0000000000024778                rpl_process_dao
                0x0000000000024807                rpl_process_dao_ack
                0x0000000000024899                rpl_process_hbh
                0x00000000000248e9                rpl_dag_init_root
                0x00000000000249fd                rpl_dag_init
 .text          0x0000000000024a1d      0x286 obj_cooja/mtype481.a(rpl-dag-root.o)
                0x0000000000024a1d                rpl_dag_root_print_links
                0x0000000000024b6b                rpl_dag_root_set_prefix
                0x0000000000024b97                rpl_dag_root_start
                0x0000000000024c74                rpl_dag_root_is_root
 .text          0x0000000000024ca3       0x1e obj_cooja/mtype481.a(watchdog.o)
                0x0000000000024ca3                watchdog_init
                0x0000000000024ca9                watchdog_start
                0x0000000000024caf                watchdog_periodic
                0x0000000000024cb5                watchdog_stop
                0x0000000000024cbb                watchdog_reboot
 .text          0x0000000000024cc1       0xb2 obj_cooja/mtype481.a(stimer.o)
                0x0000000000024cc1                stimer_set
                0x0000000000024cdf                stimer_reset
                0x0000000000024cf7                stimer_restart
                0x0000000000024d0c                stimer_expired
                0x0000000000024d37                stimer_remaining
                0x0000000000024d5b                stimer_elapsed
 .text          0x0000000000024d73      0x1b8 obj_cooja/mtype481.a(memb.o)
                0x0000000000024d73                memb_init
                0x0000000000024dc8                memb_alloc
                0x0000000000024e2d                memb_free
                0x0000000000024ea8                memb_inmemb
                0x0000000000024ee7                memb_numfree
 .text          0x0000000000024f2b      0x2e7 obj_cooja/mtype481.a(queuebuf.o)
                0x0000000000024f35                queuebuf_init
                0x0000000000024f5e                queuebuf_numfree
                0x0000000000024f76                queuebuf_new_from_packetbuf
                0x0000000000025015                queuebuf_update_attr_from_packetbuf
                0x000000000002504a                queuebuf_update_from_packetbuf
                0x000000000002509a                queuebuf_free
                0x00000000000250e3                queuebuf_to_packetbuf
                0x000000000002514f                queuebuf_dataptr
                0x0000000000025189                queuebuf_datalen
                0x00000000000251ac                queuebuf_addr
                0x00000000000251e1                queuebuf_attr
                0x000000000002520c                queuebuf_debug_print
 .text          0x0000000000025212      0x78b obj_cooja/mtype481.a(nbr-table.o)
                0x000000000002568b                nbr_table_register
                0x00000000000256f8                nbr_table_is_registered
                0x0000000000025733                nbr_table_head
                0x000000000002578e                nbr_table_next
                0x00000000000257ef                nbr_table_add_lladdr
                0x00000000000258b9                nbr_table_get_from_lladdr
                0x0000000000025905                nbr_table_remove
                0x000000000002593d                nbr_table_lock
                0x0000000000025957                nbr_table_unlock
                0x0000000000025971                nbr_table_get_lladdr
 .text          0x000000000002599d      0x37c obj_cooja/mtype481.a(link-stats.o)
                0x000000000002599d                link_stats_from_lladdr
                0x00000000000259b9                link_stats_is_fresh
                0x00000000000259f5                guess_etx_from_rssi
                0x0000000000025a71                link_stats_packet_sent
                0x0000000000025b84                link_stats_input_callback
                0x0000000000025c94                link_stats_reset
                0x0000000000025ce4                link_stats_init
 .text          0x0000000000025d19      0x187 obj_cooja/mtype481.a(mac-sequence.o)
                0x0000000000025d19                mac_sequence_is_duplicate
                0x0000000000025db9                mac_sequence_register_seqno
 .text          0x0000000000025ea0       0x23 obj_cooja/mtype481.a(mac.o)
                0x0000000000025ea0                mac_call_sent_callback
 .text          0x0000000000025ec3      0x41d obj_cooja/mtype481.a(framer-802154.o)
                0x0000000000026052                framer_802154_setup_params
 .text          0x00000000000262e0      0xb6f obj_cooja/mtype481.a(frame802154.o)
                0x0000000000026311                frame802154_get_pan_id
                0x000000000002631d                frame802154_set_pan_id
                0x0000000000026337                frame802154_has_panid
                0x00000000000264e6                frame802154_check_dest_panid
                0x000000000002656e                frame802154_is_broadcast_addr
                0x00000000000265bb                frame802154_extract_linkaddr
                0x0000000000026820                frame802154_hdrlen
                0x0000000000026893                frame802154_create_fcf
                0x000000000002694b                frame802154_create
                0x0000000000026ac0                frame802154_parse_fcf
                0x0000000000026ba2                frame802154_parse
 .text          0x0000000000026e4f      0x1ec obj_cooja/mtype481.a(uipbuf.o)
                0x0000000000026e4f                uipbuf_get_next_header
                0x0000000000026ebe                uipbuf_get_last_header
                0x0000000000026f45                uipbuf_get_attr
                0x0000000000026f6c                uipbuf_set_attr
                0x0000000000026fa3                uipbuf_clear_attr
                0x0000000000026fcf                uipbuf_set_attr_flag
                0x0000000000026ff0                uipbuf_clr_attr_flag
                0x0000000000027017                uipbuf_is_attr_flag
 .text          0x000000000002703b      0x96e obj_cooja/mtype481.a(uip-icmp6.o)
                0x00000000000270b0                uip_icmp6_input
                0x0000000000027107                uip_icmp6_register_input_handler
                0x0000000000027313                uip_icmp6_error_output
                0x0000000000027672                uip_icmp6_send
                0x0000000000027931                uip_icmp6_echo_reply_callback_add
                0x0000000000027963                uip_icmp6_echo_reply_callback_rm
                0x0000000000027980                uip_icmp6_init
 .text          0x00000000000279a9      0x69b obj_cooja/mtype481.a(uip-sr.o)
                0x00000000000279a9                uip_sr_num_nodes
                0x0000000000027a37                uip_sr_get_node
                0x0000000000027a8e                uip_sr_is_addr_reachable
                0x0000000000027b3c                uip_sr_expire_parent
                0x0000000000027b85                uip_sr_update_node
                0x0000000000027cb5                uip_sr_init
                0x0000000000027ce9                uip_sr_node_head
                0x0000000000027d02                uip_sr_node_next
                0x0000000000027d18                uip_sr_periodic
                0x0000000000027e1e                uip_sr_free_all
                0x0000000000027e8e                uip_sr_link_snprint
 .text          0x0000000000028044      0x146 obj_cooja/mtype481.a(uip-packetqueue)
                0x0000000000028072                uip_packetqueue_new
                0x0000000000028081                uip_packetqueue_alloc
                0x00000000000280dc                uip_packetqueue_free
                0x0000000000028123                uip_packetqueue_buf
                0x0000000000028140                uip_packetqueue_buflen
                0x0000000000028161                uip_packetqueue_set_buflen
 .text          0x000000000002818a      0x1c8 obj_cooja/mtype481.a(rpl-nbr-policy.)
                0x000000000002830f                rpl_nbr_policy_find_removable
 .text          0x0000000000028352      0x8ed obj_cooja/mtype481.a(rpl-neighbor.o)
                0x00000000000283ce                rpl_neighbor_snprint
                0x000000000002867b                rpl_neighbor_print_list
                0x0000000000028730                rpl_neighbor_count
                0x00000000000287d7                rpl_neighbor_get_from_lladdr
                0x00000000000287f3                rpl_neighbor_is_acceptable_parent
                0x0000000000028827                rpl_neighbor_get_link_metric
                0x000000000002885b                rpl_neighbor_rank_via_nbr
                0x000000000002888f                rpl_neighbor_get_lladdr
                0x00000000000288ab                rpl_neighbor_get_ipaddr
                0x00000000000288d2                rpl_neighbor_get_link_stats
                0x00000000000288f9                rpl_neighbor_is_fresh
                0x0000000000028920                rpl_neighbor_is_reachable
                0x000000000002896b                rpl_neighbor_is_parent
                0x0000000000028995                rpl_neighbor_set_preferred_parent
                0x0000000000028a21                rpl_neighbor_remove_all
                0x0000000000028a70                rpl_neighbor_get_from_ipaddr
                0x0000000000028b74                rpl_neighbor_select_best
                0x0000000000028c20                rpl_neighbor_init
 .text          0x0000000000028c3f      0xa19 obj_cooja/mtype481.a(rpl-timers.o)
                0x0000000000028c3f                rpl_timers_schedule_periodic_dis
                0x0000000000028d8d                rpl_timers_dio_reset
                0x0000000000028e7e                rpl_timers_schedule_unicast_dio
                0x0000000000029004                rpl_timers_schedule_dao
                0x000000000002913e                rpl_timers_schedule_dao_ack
                0x00000000000291c4                get_probing_delay
                0x00000000000291f8                get_probing_target
                0x00000000000293e2                rpl_schedule_probing
                0x0000000000029410                rpl_schedule_probing_now
                0x000000000002947a                rpl_timers_unschedule_leaving
                0x00000000000294b2                rpl_timers_schedule_leaving
                0x00000000000294f3                rpl_timers_init
                0x0000000000029583                rpl_timers_stop_dag_timers
                0x00000000000295fc                rpl_timers_unschedule_state_update
                0x0000000000029620                rpl_timers_schedule_state_update
 .text          0x0000000000029658     0x102c obj_cooja/mtype481.a(rpl-ext-header.)
                0x0000000000029658                rpl_ext_header_srh_get_next_hop
                0x00000000000297d4                rpl_ext_header_srh_update
                0x0000000000029ecd                rpl_ext_header_hbh_update
                0x000000000002a422                rpl_ext_header_update
                0x000000000002a4ab                rpl_ext_header_remove
 .text          0x000000000002a684      0x31b obj_cooja/mtype481.a(rpl-mrhof.o)
 .text          0x000000000002a99f        0x0 /usr/lib/gcc/i686-linux-gnu/5/crtendS.o
 .text          0x000000000002a99f        0x0 /usr/lib/gcc/i686-linux-gnu/5/../../../i386-linux-gnu/crtn.o
 *(.gnu.warning)

.fini           0x000000000002a9a0       0x14
 *(SORT(.fini))
 .fini          0x000000000002a9a0        0xf /usr/lib/gcc/i686-linux-gnu/5/../../../i386-linux-gnu/crti.o
                0x000000000002a9a0                _fini
 .fini          0x000000000002a9af        0x5 /usr/lib/gcc/i686-linux-gnu/5/../../../i386-linux-gnu/crtn.o
                [!provide]                        PROVIDE (__etext, .)
                [!provide]                        PROVIDE (_etext, .)
                [!provide]                        PROVIDE (etext, .)

.rodata         0x000000000002a9c0      0xba0
 *(.rodata .rodata.* .gnu.linkonce.r.*)
 .rodata        0x000000000002a9c0      0x44e mqtt-mote.o
                0x000000000002a9c8                autostart_processes
 *fill*         0x000000000002ae0e        0x2 
 .rodata        0x000000000002ae10        0x8 obj_cooja/mtype481.a(beep.o)
                0x000000000002ae10                beep_interface
 .rodata        0x000000000002ae18       0x20 obj_cooja/mtype481.a(button-sensor.o)
                0x000000000002ae18                button_interface
                0x000000000002ae28                button_sensor
 .rodata        0x000000000002ae38        0x8 obj_cooja/mtype481.a(leds-arch.o)
                0x000000000002ae38                leds_interface
 .rodata        0x000000000002ae40        0x8 obj_cooja/mtype481.a(moteid.o)
                0x000000000002ae40                moteid_interface
 .rodata        0x000000000002ae48       0x1c obj_cooja/mtype481.a(pir-sensor.o)
                0x000000000002ae48                pir_interface
                0x000000000002ae54                pir_sensor
 .rodata        0x000000000002ae64        0xe obj_cooja/mtype481.a(rs232.o)
                0x000000000002ae64                rs232_interface
 *fill*         0x000000000002ae72        0x2 
 .rodata        0x000000000002ae74       0x24 obj_cooja/mtype481.a(vib-sensor.o)
                0x000000000002ae74                vib_interface
                0x000000000002ae88                vib_sensor
 .rodata        0x000000000002ae98        0x8 obj_cooja/mtype481.a(clock.o)
                0x000000000002ae98                clock_interface
 .rodata        0x000000000002aea0        0x8 obj_cooja/mtype481.a(cooja-log.o)
                0x000000000002aea0                simlog_interface
 .rodata        0x000000000002aea8       0x2f obj_cooja/mtype481.a(cfs-cooja.o)
                0x000000000002aea8                cfs_interface
 *fill*         0x000000000002aed7        0x9 
 .rodata        0x000000000002aee0       0x58 obj_cooja/mtype481.a(cooja-radio.o)
                0x000000000002aee0                radio_interface
                0x000000000002af00                cooja_radio_driver
 .rodata        0x000000000002af38        0x8 obj_cooja/mtype481.a(eeprom.o)
                0x000000000002af38                eeprom_interface
 .rodata        0x000000000002af40        0x8 obj_cooja/mtype481.a(sensors.o)
 .rodata        0x000000000002af48       0x14 obj_cooja/mtype481.a(mqtt.o)
 .rodata        0x000000000002af5c       0xe0 obj_cooja/mtype481.a(contiki-main.o)
 .rodata        0x000000000002b03c        0xf obj_cooja/mtype481.a(ctimer.o)
 .rodata        0x000000000002b04b        0xc obj_cooja/mtype481.a(etimer.o)
 *fill*         0x000000000002b057        0x1 
 .rodata        0x000000000002b058       0xc0 obj_cooja/mtype481.a(log.o)
 .rodata        0x000000000002b118        0xe obj_cooja/mtype481.a(serial-line.o)
 *fill*         0x000000000002b126        0x2 
 .rodata        0x000000000002b128        0x8 obj_cooja/mtype481.a(linkaddr.o)
                0x000000000002b128                linkaddr_null
 .rodata        0x000000000002b130       0x20 obj_cooja/mtype481.a(csma.o)
                0x000000000002b138                csma_driver
 .rodata        0x000000000002b150       0x13 obj_cooja/mtype481.a(tcp-socket.o)
 .rodata        0x000000000002b163        0xd obj_cooja/mtype481.a(tcpip.o)
 .rodata        0x000000000002b170       0x4d obj_cooja/mtype481.a(uip-ds6-route.o)
 *fill*         0x000000000002b1bd        0x3 
 .rodata        0x000000000002b1c0      0x13c obj_cooja/mtype481.a(uip6.o)
 .rodata        0x000000000002b2fc       0x30 obj_cooja/mtype481.a(sicslowpan.o)
                0x000000000002b2fc                unc_llconf
                0x000000000002b300                unc_ctxconf
                0x000000000002b304                unc_mxconf
                0x000000000002b308                llprefix
                0x000000000002b31c                sicslowpan_driver
 .rodata        0x000000000002b32c       0x2d obj_cooja/mtype481.a(uiplib.o)
 *fill*         0x000000000002b359        0x7 
 .rodata        0x000000000002b360       0x70 obj_cooja/mtype481.a(rpl.o)
                0x000000000002b380                rpl_lite_driver
 .rodata        0x000000000002b3d0       0xdb obj_cooja/mtype481.a(rpl-dag.o)
 *fill*         0x000000000002b4ab        0x1 
 .rodata        0x000000000002b4ac        0xc obj_cooja/mtype481.a(framer-802154.o)
                0x000000000002b4ac                framer_802154
 .rodata        0x000000000002b4b8       0x44 obj_cooja/mtype481.a(uip-sr.o)
 .rodata        0x000000000002b4fc       0x58 obj_cooja/mtype481.a(rpl-neighbor.o)
 .rodata        0x000000000002b554        0xc obj_cooja/mtype481.a(rpl-timers.o)

.rodata1
 *(.rodata1)

.eh_frame_hdr   0x000000000002b560     0x167c
 *(.eh_frame_hdr)
 .eh_frame_hdr  0x000000000002b560     0x167c mqtt-mote.o
                0x000000000002b560                __GNU_EH_FRAME_HDR
 *(.eh_frame_entry .eh_frame_entry.*)

.eh_frame       0x000000000002cbdc     0x5b10
 *(.eh_frame)
 .eh_frame      0x000000000002cbdc       0x3c /usr/lib/gcc/i686-linux-gnu/5/../../../i386-linux-gnu/crti.o
                                         0x40 (size before relaxing)
 .eh_frame      0x000000000002cc18      0x260 mqtt-mote.o
                                        0x278 (size before relaxing)
 .eh_frame      0x000000000002ce78      0x178 obj_cooja/mtype481.o
                                        0x190 (size before relaxing)
 .eh_frame      0x000000000002cff0       0x40 obj_cooja/mtype481.a(simEnvChange.o)
                                         0x58 (size before relaxing)
 .eh_frame      0x000000000002d030       0x60 obj_cooja/mtype481.a(cooja_mt.o)
                                         0x78 (size before relaxing)
 .eh_frame      0x000000000002d090       0x80 obj_cooja/mtype481.a(cooja_mtarch.o)
                                         0x98 (size before relaxing)
 .eh_frame      0x000000000002d110       0xc8 obj_cooja/mtype481.a(rtimer-arch.o)
                                         0xe0 (size before relaxing)
 .eh_frame      0x000000000002d1d8      0x160 obj_cooja/mtype481.a(beep.o)
                                        0x178 (size before relaxing)
 .eh_frame      0x000000000002d338       0xa0 obj_cooja/mtype481.a(button-sensor.o)
                                         0xb8 (size before relaxing)
 .eh_frame      0x000000000002d3d8       0xa0 obj_cooja/mtype481.a(leds-arch.o)
                                         0xb8 (size before relaxing)
 .eh_frame      0x000000000002d478       0x40 obj_cooja/mtype481.a(moteid.o)
                                         0x58 (size before relaxing)
 .eh_frame      0x000000000002d4b8       0xa0 obj_cooja/mtype481.a(pir-sensor.o)
                                         0xb8 (size before relaxing)
 .eh_frame      0x000000000002d558      0x100 obj_cooja/mtype481.a(rs232.o)
                                        0x118 (size before relaxing)
 .eh_frame      0x000000000002d658       0xa0 obj_cooja/mtype481.a(vib-sensor.o)
                                         0xb8 (size before relaxing)
 .eh_frame      0x000000000002d6f8       0xc0 obj_cooja/mtype481.a(clock.o)
                                         0xd8 (size before relaxing)
 .eh_frame      0x000000000002d7b8      0x120 obj_cooja/mtype481.a(cooja-log.o)
                                        0x138 (size before relaxing)
 .eh_frame      0x000000000002d8d8      0x160 obj_cooja/mtype481.a(cfs-cooja.o)
                                        0x178 (size before relaxing)
 .eh_frame      0x000000000002da38      0x340 obj_cooja/mtype481.a(cooja-radio.o)
                                        0x358 (size before relaxing)
 .eh_frame      0x000000000002dd78       0xa0 obj_cooja/mtype481.a(eeprom.o)
                                         0xb8 (size before relaxing)
 .eh_frame      0x000000000002de18       0x40 obj_cooja/mtype481.a(random.o)
                                         0x58 (size before relaxing)
 .eh_frame      0x000000000002de58       0xc0 obj_cooja/mtype481.a(sensors.o)
                                         0xd8 (size before relaxing)
 .eh_frame      0x000000000002df18       0xe0 obj_cooja/mtype481.a(leds.o)
                                         0xf8 (size before relaxing)
 .eh_frame      0x000000000002dff8      0x4a4 obj_cooja/mtype481.a(mqtt.o)
                                        0x4bc (size before relaxing)
 .eh_frame      0x000000000002e49c       0x30 obj_cooja/mtype481.a(contiki-main.o)
                                         0x48 (size before relaxing)
 .eh_frame      0x000000000002e4cc       0x40 obj_cooja/mtype481.a(autostart.o)
                                         0x58 (size before relaxing)
 .eh_frame      0x000000000002e50c      0x100 obj_cooja/mtype481.a(ctimer.o)
                                        0x118 (size before relaxing)
 .eh_frame      0x000000000002e60c       0x60 obj_cooja/mtype481.a(energest.o)
                                         0x78 (size before relaxing)
 .eh_frame      0x000000000002e66c      0x1e0 obj_cooja/mtype481.a(etimer.o)
                                        0x1f8 (size before relaxing)
 .eh_frame      0x000000000002e84c      0x100 obj_cooja/mtype481.a(log.o)
                                        0x118 (size before relaxing)
 .eh_frame      0x000000000002e94c      0x1c4 obj_cooja/mtype481.a(process.o)
                                        0x1dc (size before relaxing)
 .eh_frame      0x000000000002eb10       0x60 obj_cooja/mtype481.a(rtimer.o)
                                         0x78 (size before relaxing)
 .eh_frame      0x000000000002eb70       0x20 obj_cooja/mtype481.a(node-id.o)
                                         0x38 (size before relaxing)
 .eh_frame      0x000000000002eb90       0xa4 obj_cooja/mtype481.a(timer.o)
                                         0xbc (size before relaxing)
 .eh_frame      0x000000000002ec34       0x60 obj_cooja/mtype481.a(serial-line.o)
                                         0x78 (size before relaxing)
 .eh_frame      0x000000000002ec94      0x1a0 obj_cooja/mtype481.a(list.o)
                                        0x1b8 (size before relaxing)
 .eh_frame      0x000000000002ee34       0xa0 obj_cooja/mtype481.a(ringbuf.o)
                                         0xb8 (size before relaxing)
 .eh_frame      0x000000000002eed4      0x28c obj_cooja/mtype481.a(packetbuf.o)
                                        0x2a4 (size before relaxing)
 .eh_frame      0x000000000002f160       0x80 obj_cooja/mtype481.a(netstack.o)
                                         0x98 (size before relaxing)
 .eh_frame      0x000000000002f1e0       0x60 obj_cooja/mtype481.a(linkaddr.o)
                                         0x78 (size before relaxing)
 .eh_frame      0x000000000002f240       0xa0 obj_cooja/mtype481.a(csma.o)
                                         0xb8 (size before relaxing)
 .eh_frame      0x000000000002f2e0      0x1d4 obj_cooja/mtype481.a(csma-output.o)
                                        0x1ec (size before relaxing)
 .eh_frame      0x000000000002f4b4      0x2e8 obj_cooja/mtype481.a(uip-ds6.o)
                                        0x300 (size before relaxing)
 .eh_frame      0x000000000002f79c      0x248 obj_cooja/mtype481.a(tcp-socket.o)
                                        0x260 (size before relaxing)
 .eh_frame      0x000000000002f9e4      0x308 obj_cooja/mtype481.a(tcpip.o)
                                        0x320 (size before relaxing)
 .eh_frame      0x000000000002fcec      0x220 obj_cooja/mtype481.a(uip-ds6-route.o)
                                        0x238 (size before relaxing)
 .eh_frame      0x000000000002ff0c      0x274 obj_cooja/mtype481.a(uip6.o)
                                        0x28c (size before relaxing)
 .eh_frame      0x0000000000030180      0x1c0 obj_cooja/mtype481.a(uip-ds6-nbr.o)
                                        0x1d8 (size before relaxing)
 .eh_frame      0x0000000000030340       0x84 obj_cooja/mtype481.a(uip-nd6.o)
                                         0x9c (size before relaxing)
 .eh_frame      0x00000000000303c4      0x2f8 obj_cooja/mtype481.a(sicslowpan.o)
                                        0x310 (size before relaxing)
 .eh_frame      0x00000000000306bc       0x88 obj_cooja/mtype481.a(uiplib.o)
                                         0xa0 (size before relaxing)
 .eh_frame      0x0000000000030744      0x1e0 obj_cooja/mtype481.a(rpl.o)
                                        0x1f8 (size before relaxing)
 .eh_frame      0x0000000000030924      0x1c4 obj_cooja/mtype481.a(rpl-icmp6.o)
                                        0x1dc (size before relaxing)
 .eh_frame      0x0000000000030ae8      0x370 obj_cooja/mtype481.a(rpl-dag.o)
                                        0x388 (size before relaxing)
 .eh_frame      0x0000000000030e58       0xa0 obj_cooja/mtype481.a(rpl-dag-root.o)
                                         0xb8 (size before relaxing)
 .eh_frame      0x0000000000030ef8       0xa0 obj_cooja/mtype481.a(watchdog.o)
                                         0xb8 (size before relaxing)
 .eh_frame      0x0000000000030f98       0xc4 obj_cooja/mtype481.a(stimer.o)
                                         0xdc (size before relaxing)
 .eh_frame      0x000000000003105c       0xa0 obj_cooja/mtype481.a(memb.o)
                                         0xb8 (size before relaxing)
 .eh_frame      0x00000000000310fc      0x1a0 obj_cooja/mtype481.a(queuebuf.o)
                                        0x1b8 (size before relaxing)
 .eh_frame      0x000000000003129c      0x2ac obj_cooja/mtype481.a(nbr-table.o)
                                        0x2c4 (size before relaxing)
 .eh_frame      0x0000000000031548      0x100 obj_cooja/mtype481.a(link-stats.o)
                                        0x118 (size before relaxing)
 .eh_frame      0x0000000000031648       0x48 obj_cooja/mtype481.a(mac-sequence.o)
                                         0x60 (size before relaxing)
 .eh_frame      0x0000000000031690       0x20 obj_cooja/mtype481.a(mac.o)
                                         0x38 (size before relaxing)
 .eh_frame      0x00000000000316b0       0xa4 obj_cooja/mtype481.a(framer-802154.o)
                                         0xbc (size before relaxing)
 .eh_frame      0x0000000000031754      0x1a4 obj_cooja/mtype481.a(frame802154.o)
                                        0x1bc (size before relaxing)
 .eh_frame      0x00000000000318f8      0x100 obj_cooja/mtype481.a(uipbuf.o)
                                        0x118 (size before relaxing)
 .eh_frame      0x00000000000319f8      0x160 obj_cooja/mtype481.a(uip-icmp6.o)
                                        0x178 (size before relaxing)
 .eh_frame      0x0000000000031b58      0x184 obj_cooja/mtype481.a(uip-sr.o)
                                        0x19c (size before relaxing)
 .eh_frame      0x0000000000031cdc       0xe0 obj_cooja/mtype481.a(uip-packetqueue)
                                         0xf8 (size before relaxing)
 .eh_frame      0x0000000000031dbc       0x80 obj_cooja/mtype481.a(rpl-nbr-policy.)
                                         0x98 (size before relaxing)
 .eh_frame      0x0000000000031e3c      0x2d4 obj_cooja/mtype481.a(rpl-neighbor.o)
                                        0x2ec (size before relaxing)
 .eh_frame      0x0000000000032110      0x368 obj_cooja/mtype481.a(rpl-timers.o)
                                        0x380 (size before relaxing)
 .eh_frame      0x0000000000032478      0x128 obj_cooja/mtype481.a(rpl-ext-header.)
                                        0x140 (size before relaxing)
 .eh_frame      0x00000000000325a0      0x148 obj_cooja/mtype481.a(rpl-mrhof.o)
                                        0x160 (size before relaxing)
 .eh_frame      0x00000000000326e8        0x4 /usr/lib/gcc/i686-linux-gnu/5/crtendS.o
 *(.eh_frame.*)

.gcc_except_table
 *(.gcc_except_table .gcc_except_table.*)

.gnu_extab
 *(.gnu_extab*)

.exception_ranges
 *(.exception_ranges .exception_ranges*)
                0x0000000000033f10                . = DATA_SEGMENT_ALIGN (0x1000, 0x1000)

.eh_frame
 *(.eh_frame)
 *(.eh_frame.*)

.gnu_extab
 *(.gnu_extab)

.gcc_except_table
 *(.gcc_except_table .gcc_except_table.*)

.exception_ranges
 *(.exception_ranges .exception_ranges*)

.tdata
 *(.tdata .tdata.* .gnu.linkonce.td.*)

.tbss
 *(.tbss .tbss.* .gnu.linkonce.tb.*)
 *(.tcommon)

.preinit_array
 *(.preinit_array)

.init_array     0x0000000000033f10        0x4
 *(SORT(.init_array.*) SORT(.ctors.*))
 *(.init_array EXCLUDE_FILE(*crtend?.o *crtend.o *crtbegin?.o *crtbegin.o) .ctors)
 .init_array    0x0000000000033f10        0x4 /usr/lib/gcc/i686-linux-gnu/5/crtbeginS.o

.fini_array     0x0000000000033f14        0x4
 *(SORT(.fini_array.*) SORT(.dtors.*))
 *(.fini_array EXCLUDE_FILE(*crtend?.o *crtend.o *crtbegin?.o *crtbegin.o) .dtors)
 .fini_array    0x0000000000033f14        0x4 /usr/lib/gcc/i686-linux-gnu/5/crtbeginS.o

.ctors
 *crtbegin.o(.ctors)
 *crtbegin?.o(.ctors)
 *(EXCLUDE_FILE(*crtend?.o *crtend.o) .ctors)
 *(SORT(.ctors.*))
 *(.ctors)

.dtors
 *crtbegin.o(.dtors)
 *crtbegin?.o(.dtors)
 *(EXCLUDE_FILE(*crtend?.o *crtend.o) .dtors)
 *(SORT(.dtors.*))
 *(.dtors)

.jcr            0x0000000000033f18        0x4
 *(.jcr)
 .jcr           0x0000000000033f18        0x0 /usr/lib/gcc/i686-linux-gnu/5/crtbeginS.o
 .jcr           0x0000000000033f18        0x4 /usr/lib/gcc/i686-linux-gnu/5/crtendS.o

.data.rel.ro
 *(.data.rel.ro.local* .gnu.linkonce.d.rel.ro.local.*)
 *(.data.rel.ro .data.rel.ro.* .gnu.linkonce.d.rel.ro.*)

.dynamic        0x0000000000033f1c       0xd0
 *(.dynamic)
 .dynamic       0x0000000000033f1c       0xd0 /usr/lib/gcc/i686-linux-gnu/5/../../../i386-linux-gnu/crti.o
                0x0000000000033f1c                _DYNAMIC

.got            0x0000000000033fec       0x14
 *(.got)
 .got           0x0000000000033fec       0x14 /usr/lib/gcc/i686-linux-gnu/5/../../../i386-linux-gnu/crti.o
 *(.igot)
                0x0000000000034ff4                . = DATA_SEGMENT_RELRO_END (., (SIZEOF (.got.plt) >= 0xc)?0xc:0x0)

.got.plt        0x0000000000034000        0xc
 *(.got.plt)
 .got.plt       0x0000000000034000        0xc /usr/lib/gcc/i686-linux-gnu/5/../../../i386-linux-gnu/crti.o
                0x0000000000034000                _GLOBAL_OFFSET_TABLE_
 *(.igot.plt)

.data           0x0000000000034020      0x324
 *(.data .data.* .gnu.linkonce.d.*)
 .data          0x0000000000034020        0x0 /usr/lib/gcc/i686-linux-gnu/5/../../../i386-linux-gnu/crti.o
 .data          0x0000000000034020        0x0 /usr/lib/gcc/i686-linux-gnu/5/crtbeginS.o
 .data.rel.local
                0x0000000000034020        0x4 /usr/lib/gcc/i686-linux-gnu/5/crtbeginS.o
                0x0000000000034020                __dso_handle
 .data          0x0000000000034024       0x14 mqtt-mote.o
                0x0000000000034028                mqtt_demo_process
 *fill*         0x0000000000034038        0x8 
 .data          0x0000000000034040       0x44 obj_cooja/mtype481.o
                0x0000000000034040                simInterfaces
                0x0000000000034074                sensors
 .data          0x0000000000034084        0x0 obj_cooja/mtype481.a(simEnvChange.o)
 .data          0x0000000000034084        0x0 obj_cooja/mtype481.a(cooja_mt.o)
 .data          0x0000000000034084        0x0 obj_cooja/mtype481.a(cooja_mtarch.o)
 .data          0x0000000000034084        0x0 obj_cooja/mtype481.a(rtimer-arch.o)
 .data          0x0000000000034084        0x0 obj_cooja/mtype481.a(beep.o)
 .data          0x0000000000034084        0x0 obj_cooja/mtype481.a(button-sensor.o)
 .data          0x0000000000034084        0x0 obj_cooja/mtype481.a(leds-arch.o)
 .data          0x0000000000034084        0x0 obj_cooja/mtype481.a(moteid.o)
 .data          0x0000000000034084        0x0 obj_cooja/mtype481.a(pir-sensor.o)
 .data          0x0000000000034084        0x0 obj_cooja/mtype481.a(rs232.o)
 .data          0x0000000000034084        0x0 obj_cooja/mtype481.a(vib-sensor.o)
 .data          0x0000000000034084        0x0 obj_cooja/mtype481.a(clock.o)
 .data          0x0000000000034084        0x0 obj_cooja/mtype481.a(cooja-log.o)
 .data          0x0000000000034084        0x0 obj_cooja/mtype481.a(cfs-cooja.o)
 .data          0x0000000000034084       0x2c obj_cooja/mtype481.a(cooja-radio.o)
                0x0000000000034084                simRadioHWOn
                0x0000000000034088                simSignalStrength
                0x000000000003408c                simLastSignalStrength
                0x0000000000034090                simPower
                0x0000000000034094                simRadioChannel
                0x0000000000034098                simLQI
                0x00000000000340a0                cooja_radio_process
 .data          0x00000000000340b0        0x0 obj_cooja/mtype481.a(eeprom.o)
 .data          0x00000000000340b0        0x0 obj_cooja/mtype481.a(random.o)
 .data          0x00000000000340b0       0x10 obj_cooja/mtype481.a(sensors.o)
                0x00000000000340b0                sensors_process
 .data          0x00000000000340c0        0x0 obj_cooja/mtype481.a(leds.o)
 .data          0x00000000000340c0       0x14 obj_cooja/mtype481.a(mqtt.o)
                0x00000000000340c4                mqtt_process
 .data          0x00000000000340d4        0x0 obj_cooja/mtype481.a(contiki-main.o)
 .data          0x00000000000340d4        0x0 obj_cooja/mtype481.a(autostart.o)
 .data          0x00000000000340d4       0x14 obj_cooja/mtype481.a(ctimer.o)
                0x00000000000340d8                ctimer_process
 .data          0x00000000000340e8        0x0 obj_cooja/mtype481.a(energest.o)
 .data          0x00000000000340e8       0x10 obj_cooja/mtype481.a(etimer.o)
                0x00000000000340e8                etimer_process
 *fill*         0x00000000000340f8        0x8 
 .data          0x0000000000034100       0xb0 obj_cooja/mtype481.a(log.o)
                0x0000000000034100                curr_log_level_main
                0x0000000000034120                all_modules
 .data          0x00000000000341b0        0x0 obj_cooja/mtype481.a(process.o)
 .data          0x00000000000341b0        0x0 obj_cooja/mtype481.a(rtimer.o)
 .data          0x00000000000341b0        0x0 obj_cooja/mtype481.a(node-id.o)
 .data          0x00000000000341b0        0x0 obj_cooja/mtype481.a(timer.o)
 .data          0x00000000000341b0       0x10 obj_cooja/mtype481.a(serial-line.o)
                0x00000000000341b0                serial_line_process
 .data          0x00000000000341c0        0x0 obj_cooja/mtype481.a(list.o)
 .data          0x00000000000341c0        0x0 obj_cooja/mtype481.a(ringbuf.o)
 .data          0x00000000000341c0        0x4 obj_cooja/mtype481.a(packetbuf.o)
 .data          0x00000000000341c4        0x4 obj_cooja/mtype481.a(netstack.o)
 .data          0x00000000000341c8        0x0 obj_cooja/mtype481.a(linkaddr.o)
 .data          0x00000000000341c8        0x0 obj_cooja/mtype481.a(csma.o)
 .data          0x00000000000341c8       0x28 obj_cooja/mtype481.a(csma-output.o)
 .data          0x00000000000341f0        0x0 obj_cooja/mtype481.a(uip-ds6.o)
 .data          0x00000000000341f0       0x14 obj_cooja/mtype481.a(tcp-socket.o)
                0x00000000000341f4                tcp_socket_process
 .data          0x0000000000034204       0x10 obj_cooja/mtype481.a(tcpip.o)
                0x0000000000034204                tcpip_process
 .data          0x0000000000034214       0x10 obj_cooja/mtype481.a(uip-ds6-route.o)
 .data          0x0000000000034224        0x0 obj_cooja/mtype481.a(uip6.o)
 .data          0x0000000000034224       0x14 obj_cooja/mtype481.a(uip-ds6-nbr.o)
                0x0000000000034234                ds6_neighbors
 .data          0x0000000000034238        0xc obj_cooja/mtype481.a(uip-nd6.o)
 .data          0x0000000000034244        0x0 obj_cooja/mtype481.a(sicslowpan.o)
 .data          0x0000000000034244        0x0 obj_cooja/mtype481.a(uiplib.o)
 .data          0x0000000000034244        0x0 obj_cooja/mtype481.a(rpl.o)
 .data          0x0000000000034244       0x30 obj_cooja/mtype481.a(rpl-icmp6.o)
 .data          0x0000000000034274        0x0 obj_cooja/mtype481.a(rpl-dag.o)
 .data          0x0000000000034274        0x0 obj_cooja/mtype481.a(rpl-dag-root.o)
 .data          0x0000000000034274        0x0 obj_cooja/mtype481.a(watchdog.o)
 .data          0x0000000000034274        0x0 obj_cooja/mtype481.a(stimer.o)
 .data          0x0000000000034274        0x0 obj_cooja/mtype481.a(memb.o)
 .data          0x0000000000034274       0x18 obj_cooja/mtype481.a(queuebuf.o)
 .data          0x000000000003428c       0x10 obj_cooja/mtype481.a(nbr-table.o)
 .data          0x000000000003429c       0x14 obj_cooja/mtype481.a(link-stats.o)
 .data          0x00000000000342b0        0x0 obj_cooja/mtype481.a(mac-sequence.o)
 .data          0x00000000000342b0        0x0 obj_cooja/mtype481.a(mac.o)
 .data          0x00000000000342b0        0x0 obj_cooja/mtype481.a(framer-802154.o)
 .data          0x00000000000342b0        0x2 obj_cooja/mtype481.a(frame802154.o)
 .data          0x00000000000342b2        0x0 obj_cooja/mtype481.a(uipbuf.o)
 *fill*         0x00000000000342b2        0x2 
 .data          0x00000000000342b4       0x20 obj_cooja/mtype481.a(uip-icmp6.o)
 .data          0x00000000000342d4       0x10 obj_cooja/mtype481.a(uip-sr.o)
 .data          0x00000000000342e4        0xc obj_cooja/mtype481.a(uip-packetqueue)
 .data          0x00000000000342f0        0x0 obj_cooja/mtype481.a(rpl-nbr-policy.)
 .data          0x00000000000342f0       0x14 obj_cooja/mtype481.a(rpl-neighbor.o)
                0x0000000000034300                rpl_neighbors
 .data          0x0000000000034304        0x0 obj_cooja/mtype481.a(rpl-timers.o)
 .data          0x0000000000034304        0x0 obj_cooja/mtype481.a(rpl-ext-header.)
 *fill*         0x0000000000034304       0x1c 
 .data          0x0000000000034320       0x24 obj_cooja/mtype481.a(rpl-mrhof.o)
                0x0000000000034320                rpl_mrhof
 .data          0x0000000000034344        0x0 /usr/lib/gcc/i686-linux-gnu/5/crtendS.o
 .data          0x0000000000034344        0x0 /usr/lib/gcc/i686-linux-gnu/5/../../../i386-linux-gnu/crtn.o

.tm_clone_table
                0x0000000000034344        0x0
 .tm_clone_table
                0x0000000000034344        0x0 /usr/lib/gcc/i686-linux-gnu/5/crtbeginS.o
 .tm_clone_table
                0x0000000000034344        0x0 /usr/lib/gcc/i686-linux-gnu/5/crtendS.o

.data1
 *(.data1)
                0x0000000000034344                _edata = .
                [!provide]                        PROVIDE (edata, .)
                0x0000000000034344                . = .
                0x0000000000034344                __bss_start = .

.bss            0x0000000000034360    0x14680
 *(.dynbss)
 .dynbss        0x0000000000034360        0x0 /usr/lib/gcc/i686-linux-gnu/5/../../../i386-linux-gnu/crti.o
 *(.bss .bss.* .gnu.linkonce.b.*)
 .bss           0x0000000000034360        0x0 /usr/lib/gcc/i686-linux-gnu/5/../../../i386-linux-gnu/crti.o
 .bss           0x0000000000034360        0x1 /usr/lib/gcc/i686-linux-gnu/5/crtbeginS.o
 *fill*         0x0000000000034361       0x1f 
 .bss           0x0000000000034380      0xbe4 mqtt-mote.o
 *fill*         0x0000000000034f64       0x1c 
 .bss           0x0000000000034f80     0x2030 obj_cooja/mtype481.o
 .bss           0x0000000000036fb0        0x1 obj_cooja/mtype481.a(simEnvChange.o)
                0x0000000000036fb0                simDontFallAsleep
 *fill*         0x0000000000036fb1        0x3 
 .bss           0x0000000000036fb4        0x4 obj_cooja/mtype481.a(cooja_mt.o)
 .bss           0x0000000000036fb8        0x4 obj_cooja/mtype481.a(cooja_mtarch.o)
 .bss           0x0000000000036fbc        0x0 obj_cooja/mtype481.a(rtimer-arch.o)
 .bss           0x0000000000036fbc        0x0 obj_cooja/mtype481.a(beep.o)
 .bss           0x0000000000036fbc        0x8 obj_cooja/mtype481.a(button-sensor.o)
 .bss           0x0000000000036fc4        0x0 obj_cooja/mtype481.a(leds-arch.o)
 .bss           0x0000000000036fc4        0x0 obj_cooja/mtype481.a(moteid.o)
 .bss           0x0000000000036fc4        0x1 obj_cooja/mtype481.a(pir-sensor.o)
                0x0000000000036fc4                simPirValue
 *fill*         0x0000000000036fc5        0x3 
 .bss           0x0000000000036fc8        0x4 obj_cooja/mtype481.a(rs232.o)
 .bss           0x0000000000036fcc        0x1 obj_cooja/mtype481.a(vib-sensor.o)
                0x0000000000036fcc                simVibValue
 .bss           0x0000000000036fcd        0x0 obj_cooja/mtype481.a(clock.o)
 *fill*         0x0000000000036fcd       0x13 
 .bss           0x0000000000036fe0     0x2020 obj_cooja/mtype481.a(cooja-log.o)
 .bss           0x0000000000039000      0xfc0 obj_cooja/mtype481.a(cfs-cooja.o)
                0x0000000000039000                simCFSData
                0x0000000000039fa0                simCFSSize
                0x0000000000039fa4                simCFSChanged
                0x0000000000039fa8                simCFSRead
                0x0000000000039fac                simCFSWritten
 .bss           0x0000000000039fc0       0x24 obj_cooja/mtype481.a(cooja-radio.o)
                0x0000000000039fc0                simReceiving
                0x0000000000039fc4                simInSize
                0x0000000000039fc8                simLastPacketTimestamp
                0x0000000000039fd0                simOutSize
 .bss           0x0000000000039fe4        0xc obj_cooja/mtype481.a(eeprom.o)
                0x0000000000039fe4                simEEPROMChanged
                0x0000000000039fe8                simEEPROMRead
                0x0000000000039fec                simEEPROMWritten
 .bss           0x0000000000039ff0        0x0 obj_cooja/mtype481.a(random.o)
 .bss           0x0000000000039ff0        0xc obj_cooja/mtype481.a(sensors.o)
 .bss           0x0000000000039ffc        0x0 obj_cooja/mtype481.a(leds.o)
 .bss           0x0000000000039ffc       0x15 obj_cooja/mtype481.a(mqtt.o)
 .bss           0x000000000003a011        0x0 obj_cooja/mtype481.a(contiki-main.o)
 .bss           0x000000000003a011        0x0 obj_cooja/mtype481.a(autostart.o)
 *fill*         0x000000000003a011        0x3 
 .bss           0x000000000003a014        0x5 obj_cooja/mtype481.a(ctimer.o)
 .bss           0x000000000003a019        0x0 obj_cooja/mtype481.a(energest.o)
 *fill*         0x000000000003a019        0x3 
 .bss           0x000000000003a01c        0x8 obj_cooja/mtype481.a(etimer.o)
 .bss           0x000000000003a024       0x28 obj_cooja/mtype481.a(log.o)
                0x000000000003a024                curr_log_level_rpl
                0x000000000003a028                curr_log_level_tcpip
                0x000000000003a02c                curr_log_level_ipv6
                0x000000000003a030                curr_log_level_6lowpan
                0x000000000003a034                curr_log_level_nullnet
                0x000000000003a038                curr_log_level_mac
                0x000000000003a03c                curr_log_level_framer
                0x000000000003a040                curr_log_level_6top
                0x000000000003a044                curr_log_level_coap
                0x000000000003a048                curr_log_level_lwm2m
 *fill*         0x000000000003a04c       0x14 
 .bss           0x000000000003a060      0x1a1 obj_cooja/mtype481.a(process.o)
                0x000000000003a060                process_list
                0x000000000003a064                process_current
 *fill*         0x000000000003a201        0x3 
 .bss           0x000000000003a204        0x4 obj_cooja/mtype481.a(rtimer.o)
 .bss           0x000000000003a208        0x2 obj_cooja/mtype481.a(node-id.o)
                0x000000000003a208                node_id
 .bss           0x000000000003a20a        0x0 obj_cooja/mtype481.a(timer.o)
 *fill*         0x000000000003a20a       0x16 
 .bss           0x000000000003a220      0x140 obj_cooja/mtype481.a(serial-line.o)
 .bss           0x000000000003a360        0x0 obj_cooja/mtype481.a(list.o)
 .bss           0x000000000003a360        0x0 obj_cooja/mtype481.a(ringbuf.o)
 .bss           0x000000000003a360       0xa0 obj_cooja/mtype481.a(packetbuf.o)
 .bss           0x000000000003a400        0x4 obj_cooja/mtype481.a(netstack.o)
 .bss           0x000000000003a404        0x0 obj_cooja/mtype481.a(linkaddr.o)
 .bss           0x000000000003a404        0x0 obj_cooja/mtype481.a(csma.o)
 *fill*         0x000000000003a404       0x1c 
 .bss           0x000000000003a420      0x726 obj_cooja/mtype481.a(csma-output.o)
 *fill*         0x000000000003ab46        0x2 
 .bss           0x000000000003ab48       0x20 obj_cooja/mtype481.a(uip-ds6.o)
 .bss           0x000000000003ab68        0x5 obj_cooja/mtype481.a(tcp-socket.o)
 *fill*         0x000000000003ab6d       0x13 
 .bss           0x000000000003ab80       0xc4 obj_cooja/mtype481.a(tcpip.o)
 *fill*         0x000000000003ac44       0x1c 
 .bss           0x000000000003ac60       0x60 obj_cooja/mtype481.a(uip-ds6-route.o)
 .bss           0x000000000003acc0        0xc obj_cooja/mtype481.a(uip6.o)
                0x000000000003acc0                uip_ext_bitmap
                0x000000000003acc1                uip_ext_len
                0x000000000003acc2                uip_ext_opt_offset
 *fill*         0x000000000003accc       0x14 
 .bss           0x000000000003ace0     0x1c20 obj_cooja/mtype481.a(uip-ds6-nbr.o)
 .bss           0x000000000003c900       0x10 obj_cooja/mtype481.a(uip-nd6.o)
 *fill*         0x000000000003c910       0x10 
 .bss           0x000000000003c920      0x724 obj_cooja/mtype481.a(sicslowpan.o)
 .bss           0x000000000003d044        0x0 obj_cooja/mtype481.a(uiplib.o)
 .bss           0x000000000003d044        0x1 obj_cooja/mtype481.a(rpl.o)
 .bss           0x000000000003d045        0x0 obj_cooja/mtype481.a(rpl-icmp6.o)
 .bss           0x000000000003d045        0x0 obj_cooja/mtype481.a(rpl-dag.o)
 *fill*         0x000000000003d045        0x3 
 .bss           0x000000000003d048       0x11 obj_cooja/mtype481.a(rpl-dag-root.o)
 .bss           0x000000000003d059        0x0 obj_cooja/mtype481.a(watchdog.o)
 .bss           0x000000000003d059        0x0 obj_cooja/mtype481.a(stimer.o)
 .bss           0x000000000003d059        0x0 obj_cooja/mtype481.a(memb.o)
 *fill*         0x000000000003d059        0x7 
 .bss           0x000000000003d060     0x2c80 obj_cooja/mtype481.a(queuebuf.o)
 .bss           0x000000000003fce0     0x1214 obj_cooja/mtype481.a(nbr-table.o)
 *fill*         0x0000000000040ef4        0xc 
 .bss           0x0000000000040f00      0xe10 obj_cooja/mtype481.a(link-stats.o)
 *fill*         0x0000000000041d10       0x10 
 .bss           0x0000000000041d20      0x100 obj_cooja/mtype481.a(mac-sequence.o)
 .bss           0x0000000000041e20        0x0 obj_cooja/mtype481.a(mac.o)
 .bss           0x0000000000041e20        0x2 obj_cooja/mtype481.a(framer-802154.o)
 .bss           0x0000000000041e22        0x0 obj_cooja/mtype481.a(frame802154.o)
 *fill*         0x0000000000041e22        0x2 
 .bss           0x0000000000041e24        0xc obj_cooja/mtype481.a(uipbuf.o)
 .bss           0x0000000000041e30       0x18 obj_cooja/mtype481.a(uip-icmp6.o)
 *fill*         0x0000000000041e48       0x18 
 .bss           0x0000000000041e60     0x1d80 obj_cooja/mtype481.a(uip-sr.o)
 .bss           0x0000000000043be0      0xa78 obj_cooja/mtype481.a(uip-packetqueue)
 .bss           0x0000000000044658        0xe obj_cooja/mtype481.a(rpl-nbr-policy.)
 *fill*         0x0000000000044666       0x1a 
 .bss           0x0000000000044680      0x960 obj_cooja/mtype481.a(rpl-neighbor.o)
 .bss           0x0000000000044fe0       0x40 obj_cooja/mtype481.a(rpl-timers.o)
 .bss           0x0000000000045020        0x0 obj_cooja/mtype481.a(rpl-ext-header.)
 .bss           0x0000000000045020        0x0 obj_cooja/mtype481.a(rpl-mrhof.o)
 .bss           0x0000000000045020        0x0 /usr/lib/gcc/i686-linux-gnu/5/crtendS.o
 .bss           0x0000000000045020        0x0 /usr/lib/gcc/i686-linux-gnu/5/../../../i386-linux-gnu/crtn.o
 *(COMMON)
 COMMON         0x0000000000045020        0x8 obj_cooja/mtype481.o
                0x0000000000045020                referenceVar
                0x0000000000045024                sensors_flags
 COMMON         0x0000000000045028        0xc obj_cooja/mtype481.a(simEnvChange.o)
                0x0000000000045028                simEtimerPending
                0x000000000004502c                simProcessRunValue
                0x0000000000045030                simEtimerNextExpirationTime
 *fill*         0x0000000000045034        0x4 
 COMMON         0x0000000000045038       0x18 obj_cooja/mtype481.a(rtimer-arch.o)
                0x0000000000045038                simRtimerPending
                0x0000000000045040                simRtimerCurrentTicks
                0x0000000000045048                simRtimerNextExpirationTime
 COMMON         0x0000000000045050        0x1 obj_cooja/mtype481.a(beep.o)
                0x0000000000045050                simBeeped
 COMMON         0x0000000000045051        0x3 obj_cooja/mtype481.a(button-sensor.o)
                0x0000000000045051                simButtonIsActive
                0x0000000000045052                simButtonIsDown
                0x0000000000045053                simButtonChanged
 COMMON         0x0000000000045054        0x1 obj_cooja/mtype481.a(leds-arch.o)
                0x0000000000045054                simLedsValue
 *fill*         0x0000000000045055        0x3 
 COMMON         0x0000000000045058        0xc obj_cooja/mtype481.a(moteid.o)
                0x0000000000045058                simRandomSeed
                0x000000000004505c                simMoteIDChanged
                0x0000000000045060                simMoteID
 COMMON         0x0000000000045064        0x2 obj_cooja/mtype481.a(pir-sensor.o)
                0x0000000000045064                simPirIsActive
                0x0000000000045065                simPirChanged
 *fill*         0x0000000000045066       0x1a 
 COMMON         0x0000000000045080      0x820 obj_cooja/mtype481.a(rs232.o)
                0x0000000000045080                simSerialReceivingFlag
                0x0000000000045084                simSerialReceivingLength
                0x00000000000450a0                simSerialReceivingData
 COMMON         0x00000000000458a0        0x2 obj_cooja/mtype481.a(vib-sensor.o)
                0x00000000000458a0                simVibChanged
                0x00000000000458a1                simVibIsActive
 *fill*         0x00000000000458a2        0x2 
 COMMON         0x00000000000458a4        0x4 obj_cooja/mtype481.a(clock.o)
                0x00000000000458a4                simCurrentTime
 *fill*         0x00000000000458a8       0x18 
 COMMON         0x00000000000458c0     0x2020 obj_cooja/mtype481.a(cooja-log.o)
                0x00000000000458c0                simLoggedLength
                0x00000000000458c4                simLoggedFlag
                0x00000000000458e0                simLoggedData
 COMMON         0x00000000000478e0      0x100 obj_cooja/mtype481.a(cooja-radio.o)
                0x00000000000478e0                simOutDataBuffer
                0x0000000000047960                simInDataBuffer
 COMMON         0x00000000000479e0      0x400 obj_cooja/mtype481.a(eeprom.o)
                0x00000000000479e0                simEEPROMData
 COMMON         0x0000000000047de0        0x1 obj_cooja/mtype481.a(sensors.o)
                0x0000000000047de0                sensors_event
 COMMON         0x0000000000047de1        0x1 obj_cooja/mtype481.a(mqtt.o)
                0x0000000000047de1                mqtt_update_event
 *fill*         0x0000000000047de2        0x2 
 COMMON         0x0000000000047de4       0x50 obj_cooja/mtype481.a(contiki-main.o)
                0x0000000000047de4                eb_per_time_source
                0x0000000000047df8                unicast_per_neighbor_rpl_storing
                0x0000000000047e0c                unicast_per_neighbor_rpl_ns
                0x0000000000047e20                default_common
 COMMON         0x0000000000047e34        0x1 obj_cooja/mtype481.a(serial-line.o)
                0x0000000000047e34                serial_line_event_message
 *fill*         0x0000000000047e35        0x3 
 COMMON         0x0000000000047e38       0x2c obj_cooja/mtype481.a(packetbuf.o)
                0x0000000000047e38                packetbuf_attrs
                0x0000000000047e54                packetbuf_addrs
 COMMON         0x0000000000047e64        0x8 obj_cooja/mtype481.a(linkaddr.o)
                0x0000000000047e64                linkaddr_node_addr
 *fill*         0x0000000000047e6c       0x14 
 COMMON         0x0000000000047e80      0x181 obj_cooja/mtype481.a(uip-ds6.o)
                0x0000000000047e80                uip_ds6_prefix_list
                0x0000000000047ee0                uip_ds6_timer_periodic
                0x0000000000047ef0                uip_ds6_netif_addr_list_offset
                0x0000000000047f00                uip_ds6_if
                0x0000000000047ff8                uip_ds6_timer_ra
                0x0000000000048000                uip_ds6_addr_size
 COMMON         0x0000000000048001        0x1 obj_cooja/mtype481.a(tcpip.o)
                0x0000000000048001                tcpip_event
 *fill*         0x0000000000048002       0x1e 
 COMMON         0x0000000000048020      0x80c obj_cooja/mtype481.a(uip6.o)
                0x0000000000048020                uip_slen
                0x0000000000048024                uip_acc32
                0x0000000000048040                uip_conns
                0x00000000000481c0                uip_lladdr
                0x00000000000481c8                uip_appdata
                0x00000000000481cc                uip_flags
                0x00000000000481e0                uip_aligned_buf
                0x00000000000486e0                uip_listenports
                0x0000000000048708                uip_len
                0x000000000004870c                uip_sappdata
                0x0000000000048720                uip_udp_conns
                0x0000000000048820                uip_udp_conn
                0x0000000000048824                uip_next_hdr
                0x0000000000048828                uip_conn
 COMMON         0x000000000004882c       0x10 obj_cooja/mtype481.a(rpl.o)
                0x000000000004882c                rpl_multicast_addr
 *fill*         0x000000000004883c        0x4 
 COMMON         0x0000000000048840      0x164 obj_cooja/mtype481.a(rpl-dag.o)
                0x0000000000048840                curr_instance
 *fill*         0x00000000000489a4       0x1c 
 COMMON         0x00000000000489c0       0x20 obj_cooja/mtype481.a(link-stats.o)
                0x00000000000489c0                periodic_timer
                0x00000000000489e0                . = ALIGN ((. != 0x0)?0x4:0x1)
                0x00000000000489e0                . = ALIGN (0x4)
                0x00000000000489e0                . = SEGMENT_START ("ldata-segment", .)
                0x00000000000489e0                . = ALIGN (0x4)
                0x00000000000489e0                _end = .
                [!provide]                        PROVIDE (end, .)
                0x00000000000489e0                . = DATA_SEGMENT_END (.)

.stab
 *(.stab)

.stabstr
 *(.stabstr)

.stab.excl
 *(.stab.excl)

.stab.exclstr
 *(.stab.exclstr)

.stab.index
 *(.stab.index)

.stab.indexstr
 *(.stab.indexstr)

.comment        0x0000000000000000       0x35
 *(.comment)
 .comment       0x0000000000000000       0x35 /usr/lib/gcc/i686-linux-gnu/5/crtbeginS.o
                                         0x36 (size before relaxing)
 .comment       0x0000000000000035       0x36 mqtt-mote.o
 .comment       0x0000000000000035       0x36 obj_cooja/mtype481.o
 .comment       0x0000000000000035       0x36 obj_cooja/mtype481.a(simEnvChange.o)
 .comment       0x0000000000000035       0x36 obj_cooja/mtype481.a(cooja_mt.o)
 .comment       0x0000000000000035       0x36 obj_cooja/mtype481.a(cooja_mtarch.o)
 .comment       0x0000000000000035       0x36 obj_cooja/mtype481.a(rtimer-arch.o)
 .comment       0x0000000000000035       0x36 obj_cooja/mtype481.a(beep.o)
 .comment       0x0000000000000035       0x36 obj_cooja/mtype481.a(button-sensor.o)
 .comment       0x0000000000000035       0x36 obj_cooja/mtype481.a(leds-arch.o)
 .comment       0x0000000000000035       0x36 obj_cooja/mtype481.a(moteid.o)
 .comment       0x0000000000000035       0x36 obj_cooja/mtype481.a(pir-sensor.o)
 .comment       0x0000000000000035       0x36 obj_cooja/mtype481.a(rs232.o)
 .comment       0x0000000000000035       0x36 obj_cooja/mtype481.a(vib-sensor.o)
 .comment       0x0000000000000035       0x36 obj_cooja/mtype481.a(clock.o)
 .comment       0x0000000000000035       0x36 obj_cooja/mtype481.a(cooja-log.o)
 .comment       0x0000000000000035       0x36 obj_cooja/mtype481.a(cfs-cooja.o)
 .comment       0x0000000000000035       0x36 obj_cooja/mtype481.a(cooja-radio.o)
 .comment       0x0000000000000035       0x36 obj_cooja/mtype481.a(eeprom.o)
 .comment       0x0000000000000035       0x36 obj_cooja/mtype481.a(random.o)
 .comment       0x0000000000000035       0x36 obj_cooja/mtype481.a(sensors.o)
 .comment       0x0000000000000035       0x36 obj_cooja/mtype481.a(leds.o)
 .comment       0x0000000000000035       0x36 obj_cooja/mtype481.a(mqtt.o)
 .comment       0x0000000000000035       0x36 obj_cooja/mtype481.a(contiki-main.o)
 .comment       0x0000000000000035       0x36 obj_cooja/mtype481.a(autostart.o)
 .comment       0x0000000000000035       0x36 obj_cooja/mtype481.a(ctimer.o)
 .comment       0x0000000000000035       0x36 obj_cooja/mtype481.a(energest.o)
 .comment       0x0000000000000035       0x36 obj_cooja/mtype481.a(etimer.o)
 .comment       0x0000000000000035       0x36 obj_cooja/mtype481.a(log.o)
 .comment       0x0000000000000035       0x36 obj_cooja/mtype481.a(process.o)
 .comment       0x0000000000000035       0x36 obj_cooja/mtype481.a(rtimer.o)
 .comment       0x0000000000000035       0x36 obj_cooja/mtype481.a(node-id.o)
 .comment       0x0000000000000035       0x36 obj_cooja/mtype481.a(timer.o)
 .comment       0x0000000000000035       0x36 obj_cooja/mtype481.a(serial-line.o)
 .comment       0x0000000000000035       0x36 obj_cooja/mtype481.a(list.o)
 .comment       0x0000000000000035       0x36 obj_cooja/mtype481.a(ringbuf.o)
 .comment       0x0000000000000035       0x36 obj_cooja/mtype481.a(packetbuf.o)
 .comment       0x0000000000000035       0x36 obj_cooja/mtype481.a(netstack.o)
 .comment       0x0000000000000035       0x36 obj_cooja/mtype481.a(linkaddr.o)
 .comment       0x0000000000000035       0x36 obj_cooja/mtype481.a(csma.o)
 .comment       0x0000000000000035       0x36 obj_cooja/mtype481.a(csma-output.o)
 .comment       0x0000000000000035       0x36 obj_cooja/mtype481.a(uip-ds6.o)
 .comment       0x0000000000000035       0x36 obj_cooja/mtype481.a(tcp-socket.o)
 .comment       0x0000000000000035       0x36 obj_cooja/mtype481.a(tcpip.o)
 .comment       0x0000000000000035       0x36 obj_cooja/mtype481.a(uip-ds6-route.o)
 .comment       0x0000000000000035       0x36 obj_cooja/mtype481.a(uip6.o)
 .comment       0x0000000000000035       0x36 obj_cooja/mtype481.a(uip-ds6-nbr.o)
 .comment       0x0000000000000035       0x36 obj_cooja/mtype481.a(uip-nd6.o)
 .comment       0x0000000000000035       0x36 obj_cooja/mtype481.a(sicslowpan.o)
 .comment       0x0000000000000035       0x36 obj_cooja/mtype481.a(uiplib.o)
 .comment       0x0000000000000035       0x36 obj_cooja/mtype481.a(rpl.o)
 .comment       0x0000000000000035       0x36 obj_cooja/mtype481.a(rpl-icmp6.o)
 .comment       0x0000000000000035       0x36 obj_cooja/mtype481.a(rpl-dag.o)
 .comment       0x0000000000000035       0x36 obj_cooja/mtype481.a(rpl-dag-root.o)
 .comment       0x0000000000000035       0x36 obj_cooja/mtype481.a(watchdog.o)
 .comment       0x0000000000000035       0x36 obj_cooja/mtype481.a(stimer.o)
 .comment       0x0000000000000035       0x36 obj_cooja/mtype481.a(memb.o)
 .comment       0x0000000000000035       0x36 obj_cooja/mtype481.a(queuebuf.o)
 .comment       0x0000000000000035       0x36 obj_cooja/mtype481.a(nbr-table.o)
 .comment       0x0000000000000035       0x36 obj_cooja/mtype481.a(link-stats.o)
 .comment       0x0000000000000035       0x36 obj_cooja/mtype481.a(mac-sequence.o)
 .comment       0x0000000000000035       0x36 obj_cooja/mtype481.a(mac.o)
 .comment       0x0000000000000035       0x36 obj_cooja/mtype481.a(framer-802154.o)
 .comment       0x0000000000000035       0x36 obj_cooja/mtype481.a(frame802154.o)
 .comment       0x0000000000000035       0x36 obj_cooja/mtype481.a(uipbuf.o)
 .comment       0x0000000000000035       0x36 obj_cooja/mtype481.a(uip-icmp6.o)
 .comment       0x0000000000000035       0x36 obj_cooja/mtype481.a(uip-sr.o)
 .comment       0x0000000000000035       0x36 obj_cooja/mtype481.a(uip-packetqueue)
 .comment       0x0000000000000035       0x36 obj_cooja/mtype481.a(rpl-nbr-policy.)
 .comment       0x0000000000000035       0x36 obj_cooja/mtype481.a(rpl-neighbor.o)
 .comment       0x0000000000000035       0x36 obj_cooja/mtype481.a(rpl-timers.o)
 .comment       0x0000000000000035       0x36 obj_cooja/mtype481.a(rpl-ext-header.)
 .comment       0x0000000000000035       0x36 obj_cooja/mtype481.a(rpl-mrhof.o)
 .comment       0x0000000000000035       0x36 /usr/lib/gcc/i686-linux-gnu/5/crtendS.o

.debug
 *(.debug)

.line
 *(.line)

.debug_srcinfo
 *(.debug_srcinfo)

.debug_sfnames
 *(.debug_sfnames)

.debug_aranges  0x0000000000000000      0x900
 *(.debug_aranges)
 .debug_aranges
                0x0000000000000000       0x20 mqtt-mote.o
 .debug_aranges
                0x0000000000000020       0x20 obj_cooja/mtype481.o
 .debug_aranges
                0x0000000000000040       0x20 obj_cooja/mtype481.a(simEnvChange.o)
 .debug_aranges
                0x0000000000000060       0x20 obj_cooja/mtype481.a(cooja_mt.o)
 .debug_aranges
                0x0000000000000080       0x20 obj_cooja/mtype481.a(cooja_mtarch.o)
 .debug_aranges
                0x00000000000000a0       0x20 obj_cooja/mtype481.a(rtimer-arch.o)
 .debug_aranges
                0x00000000000000c0       0x20 obj_cooja/mtype481.a(beep.o)
 .debug_aranges
                0x00000000000000e0       0x20 obj_cooja/mtype481.a(button-sensor.o)
 .debug_aranges
                0x0000000000000100       0x20 obj_cooja/mtype481.a(leds-arch.o)
 .debug_aranges